<html>
<body>
<pre>
<h1>µVision Build Log</h1>
<h2>Tool Versions:</h2>
IDE-Version: £gVision V5.41.0.0
Copyright (C) 2024 ARM Ltd and ARM Germany GmbH. All rights reserved.
License Information: admin admin admin Flex license: MDK Professional 5.41 (Flex): 4 user(s) (mdk_pro) Support: May 2026
 
Tool Versions:
Toolchain:       MDK Professional 5.41 (Flex): 4 user(s)  Version: 5.41.0.0
Toolchain Path:  C:\Keil_v5\ARM\ARMCLANG\Bin
C Compiler:      ArmClang.exe V6.22
Assembler:       Armasm.exe V6.22
Linker/Locator:  ArmLink.exe V6.22
Library Manager: ArmAr.exe V6.22
Hex Converter:   FromElf.exe V6.22
CPU DLL:         
Dialog DLL:      
Target DLL:      Nu_Link.dll V3.23
Dialog DLL:      TCM.DLL V1.56.4.0
 
<h2>Project:</h2>
D:\SourceCode\_Avery_M2003\M2003BSP_FLASH_EMULATE_EEPROM\SampleCode\Template\Keil\Template.uvprojx
Project File Date:  05/18/2026

<h2>Output:</h2>
*** Using Compiler 'V6.22', folder: 'C:\Keil_v5\ARM\ARMCLANG\Bin'
Rebuild target 'Template'
assembling startup_M2003.s...
creating preprocessor file for system_M2003.c...
creating list file for retarget.c...
creating preprocessor file for retarget.c...
creating list file for system_M2003.c...
compiling system_M2003.c...
compiling retarget.c...
creating preprocessor file for uart.c...
creating list file for sys.c...
compiling uart.c...
creating preprocessor file for sys.c...
creating list file for uart.c...
creating list file for clk.c...
compiling sys.c...
creating preprocessor file for clk.c...
compiling clk.c...
creating preprocessor file for gpio.c...
creating preprocessor file for timer.c...
creating list file for timer.c...
creating list file for gpio.c...
compiling gpio.c...
compiling timer.c...
creating list file for fmc.c...
creating preprocessor file for fmc.c...
creating preprocessor file for main.c...
compiling fmc.c...
creating list file for misc_config.c...
compiling main.c...
creating list file for main.c...
creating preprocessor file for misc_config.c...
compiling misc_config.c...
creating preprocessor file for timer_service.c...
creating preprocessor file for EEPROM_Emulate.c...
compiling timer_service.c...
creating list file for timer_service.c...
creating list file for EEPROM_Emulate.c...
compiling EEPROM_Emulate.c...
linking...
Program Size: Code=11544 RO-data=1264 RW-data=24 ZI-data=1600  
FromELF: creating hex file...
After Build - User command #1: fromelf --bin ".\obj\Template.axf" --output ".\obj\Template.bin"
After Build - User command #2: fromelf --text -c ".\obj\Template.axf" --output ".\obj\Template.txt"
".\obj\Template.axf" - 0 Error(s), 0 Warning(s).

<h2>Software Packages used:</h2>

Package Vendor: Nuvoton
                https://github.com/OpenNuvoton/cmsis-packs/raw/master/Nuvoton_DFP/Nuvoton.NuMicroM23_DFP.1.0.7.pack
                Nuvoton::NuMicroM23_DFP@1.0.7
                Nuvoton ARM Cortex-M23 NuMicro Family Device Support

<h2>Collection of Component include folders:</h2>
  C:/Users/averyc/AppData/Local/Arm/Packs/Nuvoton/NuMicroM23_DFP/1.0.7/Device/M2003/Include

<h2>Collection of Component Files used:</h2>
Build Time Elapsed:  00:00:09
</pre>
</body>
</html>
