	.text
	.syntax unified
	.eabi_attribute	67, "2.09"	@ Tag_conformance
	.cpu	cortex-m23
	.eabi_attribute	6, 16	@ Tag_CPU_arch
	.eabi_attribute	7, 77	@ Tag_CPU_arch_profile
	.eabi_attribute	8, 0	@ Tag_ARM_ISA_use
	.eabi_attribute	9, 3	@ Tag_THUMB_ISA_use
	.eabi_attribute	34, 0	@ Tag_CPU_unaligned_access
	.eabi_attribute	17, 1	@ Tag_ABI_PCS_GOT_use
	.eabi_attribute	20, 2	@ Tag_ABI_FP_denormal
	.eabi_attribute	21, 0	@ Tag_ABI_FP_exceptions
	.eabi_attribute	23, 1	@ Tag_ABI_FP_number_model
	.eabi_attribute	24, 1	@ Tag_ABI_align_needed
	.eabi_attribute	25, 1	@ Tag_ABI_align_preserved
	.eabi_attribute	38, 1	@ Tag_ABI_FP_16bit_format
	.eabi_attribute	18, 2	@ Tag_ABI_PCS_wchar_t
	.eabi_attribute	26, 1	@ Tag_ABI_enum_size
	.eabi_attribute	14, 0	@ Tag_ABI_PCS_R9_use
	.file	"gpio.c"
	.section	.text.GPIO_SetMode,"ax",%progbits
	.hidden	GPIO_SetMode                    @ -- Begin function GPIO_SetMode
	.globl	GPIO_SetMode
	.p2align	1
	.type	GPIO_SetMode,%function
	.code	16                              @ @GPIO_SetMode
	.thumb_func
GPIO_SetMode:
.Lfunc_begin0:
	.file	1 "D:\\SourceCode\\_Avery_M2003\\M2003BSP_FLASH_EMULATE_EEPROM\\SampleCode\\Template\\Keil" "../../../Library/StdDriver/src/gpio.c"
	.loc	1 40 0                          @ ../../../Library/StdDriver/src/gpio.c:40:0
	.fnstart
	.cfi_sections .debug_frame
	.cfi_startproc
@ %bb.0:
	.pad	#16
	sub	sp, #16
	.cfi_def_cfa_offset 16
	str	r0, [sp, #12]
	str	r1, [sp, #8]
	str	r2, [sp, #4]
	movs	r0, #0
.Ltmp0:
	.loc	1 43 16 prologue_end            @ ../../../Library/StdDriver/src/gpio.c:43:16
	str	r0, [sp]
	.loc	1 43 9 is_stmt 0                @ ../../../Library/StdDriver/src/gpio.c:43:9
	b	.LBB0_1
.LBB0_1:                                @ =>This Inner Loop Header: Depth=1
.Ltmp1:
	.loc	1 43 23                         @ ../../../Library/StdDriver/src/gpio.c:43:23
	ldr	r0, [sp]
.Ltmp2:
	.loc	1 43 5                          @ ../../../Library/StdDriver/src/gpio.c:43:5
	cmp	r0, #15
	bhi	.LBB0_6
	b	.LBB0_2
.LBB0_2:                                @   in Loop: Header=BB0_1 Depth=1
.Ltmp3:
	.loc	1 45 13 is_stmt 1               @ ../../../Library/StdDriver/src/gpio.c:45:13
	ldr	r0, [sp, #8]
	.loc	1 45 34 is_stmt 0               @ ../../../Library/StdDriver/src/gpio.c:45:34
	ldr	r1, [sp]
.Ltmp4:
	.loc	1 45 12                         @ ../../../Library/StdDriver/src/gpio.c:45:12
	lsrs	r0, r1
	lsls	r0, r0, #31
	cbz	r0, .LBB0_4
	b	.LBB0_3
.LBB0_3:                                @   in Loop: Header=BB0_1 Depth=1
.Ltmp5:
	.loc	1 47 27 is_stmt 1               @ ../../../Library/StdDriver/src/gpio.c:47:27
	ldr	r0, [sp, #12]
	.loc	1 47 33 is_stmt 0               @ ../../../Library/StdDriver/src/gpio.c:47:33
	ldr	r0, [r0]
	.loc	1 47 52                         @ ../../../Library/StdDriver/src/gpio.c:47:52
	ldr	r1, [sp]
	.loc	1 47 59                         @ ../../../Library/StdDriver/src/gpio.c:47:59
	lsls	r2, r1, #1
	movs	r1, #3
	.loc	1 47 48                         @ ../../../Library/StdDriver/src/gpio.c:47:48
	lsls	r1, r2
	.loc	1 47 38                         @ ../../../Library/StdDriver/src/gpio.c:47:38
	bics	r0, r1
	.loc	1 47 70                         @ ../../../Library/StdDriver/src/gpio.c:47:70
	ldr	r1, [sp, #4]
	.loc	1 47 78                         @ ../../../Library/StdDriver/src/gpio.c:47:78
	lsls	r1, r2
	.loc	1 47 67                         @ ../../../Library/StdDriver/src/gpio.c:47:67
	orrs	r0, r1
	.loc	1 47 13                         @ ../../../Library/StdDriver/src/gpio.c:47:13
	ldr	r1, [sp, #12]
	.loc	1 47 24                         @ ../../../Library/StdDriver/src/gpio.c:47:24
	str	r0, [r1]
	.loc	1 48 9 is_stmt 1                @ ../../../Library/StdDriver/src/gpio.c:48:9
	b	.LBB0_4
.Ltmp6:
.LBB0_4:                                @   in Loop: Header=BB0_1 Depth=1
	.loc	1 49 5                          @ ../../../Library/StdDriver/src/gpio.c:49:5
	b	.LBB0_5
.Ltmp7:
.LBB0_5:                                @   in Loop: Header=BB0_1 Depth=1
	.loc	1 43 52                         @ ../../../Library/StdDriver/src/gpio.c:43:52
	ldr	r0, [sp]
	adds	r0, r0, #1
	str	r0, [sp]
	.loc	1 43 5 is_stmt 0                @ ../../../Library/StdDriver/src/gpio.c:43:5
	b	.LBB0_1
.Ltmp8:
.LBB0_6:
	.loc	1 50 1 epilogue_begin is_stmt 1 @ ../../../Library/StdDriver/src/gpio.c:50:1
	add	sp, #16
	bx	lr
.Ltmp9:
.Lfunc_end0:
	.size	GPIO_SetMode, .Lfunc_end0-GPIO_SetMode
	.cfi_endproc
	.cantunwind
	.fnend
                                        @ -- End function
	.section	.text.GPIO_EnableInt,"ax",%progbits
	.hidden	GPIO_EnableInt                  @ -- Begin function GPIO_EnableInt
	.globl	GPIO_EnableInt
	.p2align	2
	.type	GPIO_EnableInt,%function
	.code	16                              @ @GPIO_EnableInt
	.thumb_func
GPIO_EnableInt:
.Lfunc_begin1:
	.loc	1 70 0                          @ ../../../Library/StdDriver/src/gpio.c:70:0
	.fnstart
	.cfi_startproc
@ %bb.0:
	.pad	#12
	sub	sp, #12
	.cfi_def_cfa_offset 12
	str	r0, [sp, #8]
	str	r1, [sp, #4]
	str	r2, [sp]
.Ltmp10:
	.loc	1 72 22 prologue_end            @ ../../../Library/StdDriver/src/gpio.c:72:22
	ldr	r0, [sp, #8]
	.loc	1 72 28 is_stmt 0               @ ../../../Library/StdDriver/src/gpio.c:72:28
	ldr	r0, [r0, #24]
	.loc	1 72 47                         @ ../../../Library/StdDriver/src/gpio.c:72:47
	ldr	r2, [sp, #4]
	movs	r1, #1
	.loc	1 72 44                         @ ../../../Library/StdDriver/src/gpio.c:72:44
	lsls	r1, r2
	.loc	1 72 36                         @ ../../../Library/StdDriver/src/gpio.c:72:36
	bics	r0, r1
	mov	r1, sp
	.loc	1 72 61                         @ ../../../Library/StdDriver/src/gpio.c:72:61
	ldrb	r1, [r1, #3]
	.loc	1 72 92                         @ ../../../Library/StdDriver/src/gpio.c:72:92
	lsls	r1, r2
	.loc	1 72 56                         @ ../../../Library/StdDriver/src/gpio.c:72:56
	orrs	r0, r1
	.loc	1 72 5                          @ ../../../Library/StdDriver/src/gpio.c:72:5
	ldr	r1, [sp, #8]
	.loc	1 72 19                         @ ../../../Library/StdDriver/src/gpio.c:72:19
	str	r0, [r1, #24]
	.loc	1 75 20 is_stmt 1               @ ../../../Library/StdDriver/src/gpio.c:75:20
	ldr	r0, [sp, #8]
	.loc	1 75 26 is_stmt 0               @ ../../../Library/StdDriver/src/gpio.c:75:26
	ldr	r0, [r0, #28]
	.loc	1 75 52                         @ ../../../Library/StdDriver/src/gpio.c:75:52
	ldr	r2, [sp, #4]
	ldr	r1, __arm_cp.1_0
	.loc	1 75 49                         @ ../../../Library/StdDriver/src/gpio.c:75:49
	lsls	r1, r2
	.loc	1 75 32                         @ ../../../Library/StdDriver/src/gpio.c:75:32
	bics	r0, r1
	.loc	1 75 65                         @ ../../../Library/StdDriver/src/gpio.c:75:65
	ldr	r1, [sp]
	movs	r3, #255
	lsls	r3, r3, #24
	.loc	1 75 79                         @ ../../../Library/StdDriver/src/gpio.c:75:79
	bics	r1, r3
	.loc	1 75 93                         @ ../../../Library/StdDriver/src/gpio.c:75:93
	lsls	r1, r2
	.loc	1 75 61                         @ ../../../Library/StdDriver/src/gpio.c:75:61
	orrs	r0, r1
	.loc	1 75 5                          @ ../../../Library/StdDriver/src/gpio.c:75:5
	ldr	r1, [sp, #8]
	.loc	1 75 17                         @ ../../../Library/StdDriver/src/gpio.c:75:17
	str	r0, [r1, #28]
	.loc	1 76 1 epilogue_begin is_stmt 1 @ ../../../Library/StdDriver/src/gpio.c:76:1
	add	sp, #12
	bx	lr
.Ltmp11:
	.p2align	2
@ %bb.1:
	.loc	1 0 1 is_stmt 0                 @ ../../../Library/StdDriver/src/gpio.c:0:1
__arm_cp.1_0:
	.long	65537                           @ 0x10001
.Lcpi_end0:
	.size	__arm_cp.1_0, .Lcpi_end0-__arm_cp.1_0
.Lfunc_end1:
	.size	GPIO_EnableInt, .Lfunc_end1-GPIO_EnableInt
	.cfi_endproc
	.cantunwind
	.fnend
                                        @ -- End function
	.section	.text.GPIO_DisableInt,"ax",%progbits
	.hidden	GPIO_DisableInt                 @ -- Begin function GPIO_DisableInt
	.globl	GPIO_DisableInt
	.p2align	2
	.type	GPIO_DisableInt,%function
	.code	16                              @ @GPIO_DisableInt
	.thumb_func
GPIO_DisableInt:
.Lfunc_begin2:
	.loc	1 90 0 is_stmt 1                @ ../../../Library/StdDriver/src/gpio.c:90:0
	.fnstart
	.cfi_startproc
@ %bb.0:
	.pad	#8
	sub	sp, #8
	.cfi_def_cfa_offset 8
	str	r0, [sp, #4]
	str	r1, [sp]
.Ltmp12:
	.loc	1 92 31 prologue_end            @ ../../../Library/StdDriver/src/gpio.c:92:31
	ldr	r0, [sp]
	movs	r2, #1
	.loc	1 92 28 is_stmt 0               @ ../../../Library/StdDriver/src/gpio.c:92:28
	lsls	r2, r0
	.loc	1 92 5                          @ ../../../Library/StdDriver/src/gpio.c:92:5
	ldr	r1, [sp, #4]
	.loc	1 92 19                         @ ../../../Library/StdDriver/src/gpio.c:92:19
	ldr	r0, [r1, #24]
	bics	r0, r2
	str	r0, [r1, #24]
	.loc	1 95 40 is_stmt 1               @ ../../../Library/StdDriver/src/gpio.c:95:40
	ldr	r0, [sp]
	ldr	r2, __arm_cp.2_0
	.loc	1 95 37 is_stmt 0               @ ../../../Library/StdDriver/src/gpio.c:95:37
	lsls	r2, r0
	.loc	1 95 5                          @ ../../../Library/StdDriver/src/gpio.c:95:5
	ldr	r1, [sp, #4]
	.loc	1 95 17                         @ ../../../Library/StdDriver/src/gpio.c:95:17
	ldr	r0, [r1, #28]
	bics	r0, r2
	str	r0, [r1, #28]
	.loc	1 96 1 epilogue_begin is_stmt 1 @ ../../../Library/StdDriver/src/gpio.c:96:1
	add	sp, #8
	bx	lr
.Ltmp13:
	.p2align	2
@ %bb.1:
	.loc	1 0 1 is_stmt 0                 @ ../../../Library/StdDriver/src/gpio.c:0:1
__arm_cp.2_0:
	.long	65537                           @ 0x10001
.Lcpi_end1:
	.size	__arm_cp.2_0, .Lcpi_end1-__arm_cp.2_0
.Lfunc_end2:
	.size	GPIO_DisableInt, .Lfunc_end2-GPIO_DisableInt
	.cfi_endproc
	.cantunwind
	.fnend
                                        @ -- End function
	.section	.text.GPIO_SetSlewCtl,"ax",%progbits
	.hidden	GPIO_SetSlewCtl                 @ -- Begin function GPIO_SetSlewCtl
	.globl	GPIO_SetSlewCtl
	.p2align	1
	.type	GPIO_SetSlewCtl,%function
	.code	16                              @ @GPIO_SetSlewCtl
	.thumb_func
GPIO_SetSlewCtl:
.Lfunc_begin3:
	.loc	1 113 0 is_stmt 1               @ ../../../Library/StdDriver/src/gpio.c:113:0
	.fnstart
	.cfi_startproc
@ %bb.0:
	.pad	#16
	sub	sp, #16
	.cfi_def_cfa_offset 16
	str	r0, [sp, #12]
	str	r1, [sp, #8]
	str	r2, [sp, #4]
	movs	r0, #0
.Ltmp14:
	.loc	1 116 16 prologue_end           @ ../../../Library/StdDriver/src/gpio.c:116:16
	str	r0, [sp]
	.loc	1 116 9 is_stmt 0               @ ../../../Library/StdDriver/src/gpio.c:116:9
	b	.LBB3_1
.LBB3_1:                                @ =>This Inner Loop Header: Depth=1
.Ltmp15:
	.loc	1 116 23                        @ ../../../Library/StdDriver/src/gpio.c:116:23
	ldr	r0, [sp]
.Ltmp16:
	.loc	1 116 5                         @ ../../../Library/StdDriver/src/gpio.c:116:5
	cmp	r0, #15
	bhi	.LBB3_6
	b	.LBB3_2
.LBB3_2:                                @   in Loop: Header=BB3_1 Depth=1
.Ltmp17:
	.loc	1 118 12 is_stmt 1              @ ../../../Library/StdDriver/src/gpio.c:118:12
	ldr	r0, [sp, #8]
	.loc	1 118 33 is_stmt 0              @ ../../../Library/StdDriver/src/gpio.c:118:33
	ldr	r1, [sp]
.Ltmp18:
	.loc	1 118 12                        @ ../../../Library/StdDriver/src/gpio.c:118:12
	lsrs	r0, r1
	lsls	r0, r0, #31
	cbz	r0, .LBB3_4
	b	.LBB3_3
.LBB3_3:                                @   in Loop: Header=BB3_1 Depth=1
.Ltmp19:
	.loc	1 120 30 is_stmt 1              @ ../../../Library/StdDriver/src/gpio.c:120:30
	ldr	r0, [sp, #12]
	.loc	1 120 36 is_stmt 0              @ ../../../Library/StdDriver/src/gpio.c:120:36
	ldr	r0, [r0, #40]
	.loc	1 120 58                        @ ../../../Library/StdDriver/src/gpio.c:120:58
	ldr	r1, [sp]
	.loc	1 120 65                        @ ../../../Library/StdDriver/src/gpio.c:120:65
	lsls	r2, r1, #1
	movs	r1, #3
	.loc	1 120 54                        @ ../../../Library/StdDriver/src/gpio.c:120:54
	lsls	r1, r2
	.loc	1 120 44                        @ ../../../Library/StdDriver/src/gpio.c:120:44
	bics	r0, r1
	.loc	1 120 76                        @ ../../../Library/StdDriver/src/gpio.c:120:76
	ldr	r1, [sp, #4]
	.loc	1 120 84                        @ ../../../Library/StdDriver/src/gpio.c:120:84
	lsls	r1, r2
	.loc	1 120 73                        @ ../../../Library/StdDriver/src/gpio.c:120:73
	orrs	r0, r1
	.loc	1 120 13                        @ ../../../Library/StdDriver/src/gpio.c:120:13
	ldr	r1, [sp, #12]
	.loc	1 120 27                        @ ../../../Library/StdDriver/src/gpio.c:120:27
	str	r0, [r1, #40]
	.loc	1 121 9 is_stmt 1               @ ../../../Library/StdDriver/src/gpio.c:121:9
	b	.LBB3_4
.Ltmp20:
.LBB3_4:                                @   in Loop: Header=BB3_1 Depth=1
	.loc	1 122 5                         @ ../../../Library/StdDriver/src/gpio.c:122:5
	b	.LBB3_5
.Ltmp21:
.LBB3_5:                                @   in Loop: Header=BB3_1 Depth=1
	.loc	1 116 52                        @ ../../../Library/StdDriver/src/gpio.c:116:52
	ldr	r0, [sp]
	adds	r0, r0, #1
	str	r0, [sp]
	.loc	1 116 5 is_stmt 0               @ ../../../Library/StdDriver/src/gpio.c:116:5
	b	.LBB3_1
.Ltmp22:
.LBB3_6:
	.loc	1 123 1 epilogue_begin is_stmt 1 @ ../../../Library/StdDriver/src/gpio.c:123:1
	add	sp, #16
	bx	lr
.Ltmp23:
.Lfunc_end3:
	.size	GPIO_SetSlewCtl, .Lfunc_end3-GPIO_SetSlewCtl
	.cfi_endproc
	.cantunwind
	.fnend
                                        @ -- End function
	.section	.text.GPIO_SetPullCtl,"ax",%progbits
	.hidden	GPIO_SetPullCtl                 @ -- Begin function GPIO_SetPullCtl
	.globl	GPIO_SetPullCtl
	.p2align	1
	.type	GPIO_SetPullCtl,%function
	.code	16                              @ @GPIO_SetPullCtl
	.thumb_func
GPIO_SetPullCtl:
.Lfunc_begin4:
	.loc	1 141 0                         @ ../../../Library/StdDriver/src/gpio.c:141:0
	.fnstart
	.cfi_startproc
@ %bb.0:
	.pad	#16
	sub	sp, #16
	.cfi_def_cfa_offset 16
	str	r0, [sp, #12]
	str	r1, [sp, #8]
	str	r2, [sp, #4]
	movs	r0, #0
.Ltmp24:
	.loc	1 144 16 prologue_end           @ ../../../Library/StdDriver/src/gpio.c:144:16
	str	r0, [sp]
	.loc	1 144 9 is_stmt 0               @ ../../../Library/StdDriver/src/gpio.c:144:9
	b	.LBB4_1
.LBB4_1:                                @ =>This Inner Loop Header: Depth=1
.Ltmp25:
	.loc	1 144 23                        @ ../../../Library/StdDriver/src/gpio.c:144:23
	ldr	r0, [sp]
.Ltmp26:
	.loc	1 144 5                         @ ../../../Library/StdDriver/src/gpio.c:144:5
	cmp	r0, #15
	bhi	.LBB4_6
	b	.LBB4_2
.LBB4_2:                                @   in Loop: Header=BB4_1 Depth=1
.Ltmp27:
	.loc	1 146 12 is_stmt 1              @ ../../../Library/StdDriver/src/gpio.c:146:12
	ldr	r0, [sp, #8]
	.loc	1 146 33 is_stmt 0              @ ../../../Library/StdDriver/src/gpio.c:146:33
	ldr	r1, [sp]
.Ltmp28:
	.loc	1 146 12                        @ ../../../Library/StdDriver/src/gpio.c:146:12
	lsrs	r0, r1
	lsls	r0, r0, #31
	cbz	r0, .LBB4_4
	b	.LBB4_3
.LBB4_3:                                @   in Loop: Header=BB4_1 Depth=1
.Ltmp29:
	.loc	1 148 28 is_stmt 1              @ ../../../Library/StdDriver/src/gpio.c:148:28
	ldr	r0, [sp, #12]
	.loc	1 148 34 is_stmt 0              @ ../../../Library/StdDriver/src/gpio.c:148:34
	ldr	r0, [r0, #48]
	.loc	1 148 54                        @ ../../../Library/StdDriver/src/gpio.c:148:54
	ldr	r1, [sp]
	.loc	1 148 61                        @ ../../../Library/StdDriver/src/gpio.c:148:61
	lsls	r2, r1, #1
	movs	r1, #3
	.loc	1 148 50                        @ ../../../Library/StdDriver/src/gpio.c:148:50
	lsls	r1, r2
	.loc	1 148 40                        @ ../../../Library/StdDriver/src/gpio.c:148:40
	bics	r0, r1
	.loc	1 148 72                        @ ../../../Library/StdDriver/src/gpio.c:148:72
	ldr	r1, [sp, #4]
	.loc	1 148 80                        @ ../../../Library/StdDriver/src/gpio.c:148:80
	lsls	r1, r2
	.loc	1 148 69                        @ ../../../Library/StdDriver/src/gpio.c:148:69
	orrs	r0, r1
	.loc	1 148 13                        @ ../../../Library/StdDriver/src/gpio.c:148:13
	ldr	r1, [sp, #12]
	.loc	1 148 25                        @ ../../../Library/StdDriver/src/gpio.c:148:25
	str	r0, [r1, #48]
	.loc	1 149 9 is_stmt 1               @ ../../../Library/StdDriver/src/gpio.c:149:9
	b	.LBB4_4
.Ltmp30:
.LBB4_4:                                @   in Loop: Header=BB4_1 Depth=1
	.loc	1 150 5                         @ ../../../Library/StdDriver/src/gpio.c:150:5
	b	.LBB4_5
.Ltmp31:
.LBB4_5:                                @   in Loop: Header=BB4_1 Depth=1
	.loc	1 144 52                        @ ../../../Library/StdDriver/src/gpio.c:144:52
	ldr	r0, [sp]
	adds	r0, r0, #1
	str	r0, [sp]
	.loc	1 144 5 is_stmt 0               @ ../../../Library/StdDriver/src/gpio.c:144:5
	b	.LBB4_1
.Ltmp32:
.LBB4_6:
	.loc	1 151 1 epilogue_begin is_stmt 1 @ ../../../Library/StdDriver/src/gpio.c:151:1
	add	sp, #16
	bx	lr
.Ltmp33:
.Lfunc_end4:
	.size	GPIO_SetPullCtl, .Lfunc_end4-GPIO_SetPullCtl
	.cfi_endproc
	.cantunwind
	.fnend
                                        @ -- End function
	.file	2 "C:\\Keil_v5\\ARM\\ARMCLANG\\bin\\..\\include" "stdint.h"
	.file	3 "D:\\SourceCode\\_Avery_M2003\\M2003BSP_FLASH_EMULATE_EEPROM\\SampleCode\\Template\\Keil" "../../../Library/Device/Nuvoton/M2003/Include\\gpio_reg.h"
	.section	.debug_abbrev,"",%progbits
	.byte	1                               @ Abbreviation Code
	.byte	17                              @ DW_TAG_compile_unit
	.byte	1                               @ DW_CHILDREN_yes
	.byte	37                              @ DW_AT_producer
	.byte	14                              @ DW_FORM_strp
	.byte	19                              @ DW_AT_language
	.byte	5                               @ DW_FORM_data2
	.byte	3                               @ DW_AT_name
	.byte	14                              @ DW_FORM_strp
	.byte	16                              @ DW_AT_stmt_list
	.byte	23                              @ DW_FORM_sec_offset
	.byte	27                              @ DW_AT_comp_dir
	.byte	14                              @ DW_FORM_strp
	.byte	17                              @ DW_AT_low_pc
	.byte	1                               @ DW_FORM_addr
	.byte	85                              @ DW_AT_ranges
	.byte	23                              @ DW_FORM_sec_offset
	.byte	0                               @ EOM(1)
	.byte	0                               @ EOM(2)
	.byte	2                               @ Abbreviation Code
	.byte	46                              @ DW_TAG_subprogram
	.byte	1                               @ DW_CHILDREN_yes
	.byte	17                              @ DW_AT_low_pc
	.byte	1                               @ DW_FORM_addr
	.byte	18                              @ DW_AT_high_pc
	.byte	6                               @ DW_FORM_data4
	.byte	64                              @ DW_AT_frame_base
	.byte	24                              @ DW_FORM_exprloc
	.byte	3                               @ DW_AT_name
	.byte	14                              @ DW_FORM_strp
	.byte	58                              @ DW_AT_decl_file
	.byte	11                              @ DW_FORM_data1
	.byte	59                              @ DW_AT_decl_line
	.byte	11                              @ DW_FORM_data1
	.byte	39                              @ DW_AT_prototyped
	.byte	25                              @ DW_FORM_flag_present
	.byte	63                              @ DW_AT_external
	.byte	25                              @ DW_FORM_flag_present
	.byte	0                               @ EOM(1)
	.byte	0                               @ EOM(2)
	.byte	3                               @ Abbreviation Code
	.byte	5                               @ DW_TAG_formal_parameter
	.byte	0                               @ DW_CHILDREN_no
	.byte	2                               @ DW_AT_location
	.byte	24                              @ DW_FORM_exprloc
	.byte	3                               @ DW_AT_name
	.byte	14                              @ DW_FORM_strp
	.byte	58                              @ DW_AT_decl_file
	.byte	11                              @ DW_FORM_data1
	.byte	59                              @ DW_AT_decl_line
	.byte	11                              @ DW_FORM_data1
	.byte	73                              @ DW_AT_type
	.byte	19                              @ DW_FORM_ref4
	.byte	0                               @ EOM(1)
	.byte	0                               @ EOM(2)
	.byte	4                               @ Abbreviation Code
	.byte	52                              @ DW_TAG_variable
	.byte	0                               @ DW_CHILDREN_no
	.byte	2                               @ DW_AT_location
	.byte	24                              @ DW_FORM_exprloc
	.byte	3                               @ DW_AT_name
	.byte	14                              @ DW_FORM_strp
	.byte	58                              @ DW_AT_decl_file
	.byte	11                              @ DW_FORM_data1
	.byte	59                              @ DW_AT_decl_line
	.byte	11                              @ DW_FORM_data1
	.byte	73                              @ DW_AT_type
	.byte	19                              @ DW_FORM_ref4
	.byte	0                               @ EOM(1)
	.byte	0                               @ EOM(2)
	.byte	5                               @ Abbreviation Code
	.byte	15                              @ DW_TAG_pointer_type
	.byte	0                               @ DW_CHILDREN_no
	.byte	73                              @ DW_AT_type
	.byte	19                              @ DW_FORM_ref4
	.byte	0                               @ EOM(1)
	.byte	0                               @ EOM(2)
	.byte	6                               @ Abbreviation Code
	.byte	22                              @ DW_TAG_typedef
	.byte	0                               @ DW_CHILDREN_no
	.byte	73                              @ DW_AT_type
	.byte	19                              @ DW_FORM_ref4
	.byte	3                               @ DW_AT_name
	.byte	14                              @ DW_FORM_strp
	.byte	58                              @ DW_AT_decl_file
	.byte	11                              @ DW_FORM_data1
	.byte	59                              @ DW_AT_decl_line
	.byte	11                              @ DW_FORM_data1
	.byte	0                               @ EOM(1)
	.byte	0                               @ EOM(2)
	.byte	7                               @ Abbreviation Code
	.byte	19                              @ DW_TAG_structure_type
	.byte	1                               @ DW_CHILDREN_yes
	.byte	11                              @ DW_AT_byte_size
	.byte	11                              @ DW_FORM_data1
	.byte	58                              @ DW_AT_decl_file
	.byte	11                              @ DW_FORM_data1
	.byte	59                              @ DW_AT_decl_line
	.byte	11                              @ DW_FORM_data1
	.byte	0                               @ EOM(1)
	.byte	0                               @ EOM(2)
	.byte	8                               @ Abbreviation Code
	.byte	13                              @ DW_TAG_member
	.byte	0                               @ DW_CHILDREN_no
	.byte	3                               @ DW_AT_name
	.byte	14                              @ DW_FORM_strp
	.byte	73                              @ DW_AT_type
	.byte	19                              @ DW_FORM_ref4
	.byte	58                              @ DW_AT_decl_file
	.byte	11                              @ DW_FORM_data1
	.byte	59                              @ DW_AT_decl_line
	.byte	11                              @ DW_FORM_data1
	.byte	56                              @ DW_AT_data_member_location
	.byte	11                              @ DW_FORM_data1
	.byte	0                               @ EOM(1)
	.byte	0                               @ EOM(2)
	.byte	9                               @ Abbreviation Code
	.byte	53                              @ DW_TAG_volatile_type
	.byte	0                               @ DW_CHILDREN_no
	.byte	73                              @ DW_AT_type
	.byte	19                              @ DW_FORM_ref4
	.byte	0                               @ EOM(1)
	.byte	0                               @ EOM(2)
	.byte	10                              @ Abbreviation Code
	.byte	36                              @ DW_TAG_base_type
	.byte	0                               @ DW_CHILDREN_no
	.byte	3                               @ DW_AT_name
	.byte	14                              @ DW_FORM_strp
	.byte	62                              @ DW_AT_encoding
	.byte	11                              @ DW_FORM_data1
	.byte	11                              @ DW_AT_byte_size
	.byte	11                              @ DW_FORM_data1
	.byte	0                               @ EOM(1)
	.byte	0                               @ EOM(2)
	.byte	11                              @ Abbreviation Code
	.byte	38                              @ DW_TAG_const_type
	.byte	0                               @ DW_CHILDREN_no
	.byte	73                              @ DW_AT_type
	.byte	19                              @ DW_FORM_ref4
	.byte	0                               @ EOM(1)
	.byte	0                               @ EOM(2)
	.byte	12                              @ Abbreviation Code
	.byte	1                               @ DW_TAG_array_type
	.byte	1                               @ DW_CHILDREN_yes
	.byte	73                              @ DW_AT_type
	.byte	19                              @ DW_FORM_ref4
	.byte	0                               @ EOM(1)
	.byte	0                               @ EOM(2)
	.byte	13                              @ Abbreviation Code
	.byte	33                              @ DW_TAG_subrange_type
	.byte	0                               @ DW_CHILDREN_no
	.byte	73                              @ DW_AT_type
	.byte	19                              @ DW_FORM_ref4
	.byte	55                              @ DW_AT_count
	.byte	11                              @ DW_FORM_data1
	.byte	0                               @ EOM(1)
	.byte	0                               @ EOM(2)
	.byte	14                              @ Abbreviation Code
	.byte	36                              @ DW_TAG_base_type
	.byte	0                               @ DW_CHILDREN_no
	.byte	3                               @ DW_AT_name
	.byte	14                              @ DW_FORM_strp
	.byte	11                              @ DW_AT_byte_size
	.byte	11                              @ DW_FORM_data1
	.byte	62                              @ DW_AT_encoding
	.byte	11                              @ DW_FORM_data1
	.byte	0                               @ EOM(1)
	.byte	0                               @ EOM(2)
	.byte	0                               @ EOM(3)
	.section	.debug_info,"",%progbits
.Lcu_begin0:
	.long	.Ldebug_info_end0-.Ldebug_info_start0 @ Length of Unit
.Ldebug_info_start0:
	.short	4                               @ DWARF version number
	.long	.debug_abbrev                   @ Offset Into Abbrev. Section
	.byte	4                               @ Address Size (in bytes)
	.byte	1                               @ Abbrev [1] 0xb:0x250 DW_TAG_compile_unit
	.long	.Linfo_string0                  @ DW_AT_producer
	.short	12                              @ DW_AT_language
	.long	.Linfo_string1                  @ DW_AT_name
	.long	.Lline_table_start0             @ DW_AT_stmt_list
	.long	.Linfo_string2                  @ DW_AT_comp_dir
	.long	0                               @ DW_AT_low_pc
	.long	.Ldebug_ranges0                 @ DW_AT_ranges
	.byte	2                               @ Abbrev [2] 0x26:0x4a DW_TAG_subprogram
	.long	.Lfunc_begin0                   @ DW_AT_low_pc
	.long	.Lfunc_end0-.Lfunc_begin0       @ DW_AT_high_pc
	.byte	1                               @ DW_AT_frame_base
	.byte	93
	.long	.Linfo_string3                  @ DW_AT_name
	.byte	1                               @ DW_AT_decl_file
	.byte	39                              @ DW_AT_decl_line
                                        @ DW_AT_prototyped
                                        @ DW_AT_external
	.byte	3                               @ Abbrev [3] 0x37:0xe DW_TAG_formal_parameter
	.byte	2                               @ DW_AT_location
	.byte	145
	.byte	12
	.long	.Linfo_string8                  @ DW_AT_name
	.byte	1                               @ DW_AT_decl_file
	.byte	39                              @ DW_AT_decl_line
	.long	366                             @ DW_AT_type
	.byte	3                               @ Abbrev [3] 0x45:0xe DW_TAG_formal_parameter
	.byte	2                               @ DW_AT_location
	.byte	145
	.byte	8
	.long	.Linfo_string27                 @ DW_AT_name
	.byte	1                               @ DW_AT_decl_file
	.byte	39                              @ DW_AT_decl_line
	.long	560                             @ DW_AT_type
	.byte	3                               @ Abbrev [3] 0x53:0xe DW_TAG_formal_parameter
	.byte	2                               @ DW_AT_location
	.byte	145
	.byte	4
	.long	.Linfo_string28                 @ DW_AT_name
	.byte	1                               @ DW_AT_decl_file
	.byte	39                              @ DW_AT_decl_line
	.long	560                             @ DW_AT_type
	.byte	4                               @ Abbrev [4] 0x61:0xe DW_TAG_variable
	.byte	2                               @ DW_AT_location
	.byte	145
	.byte	0
	.long	.Linfo_string29                 @ DW_AT_name
	.byte	1                               @ DW_AT_decl_file
	.byte	41                              @ DW_AT_decl_line
	.long	560                             @ DW_AT_type
	.byte	0                               @ End Of Children Mark
	.byte	2                               @ Abbrev [2] 0x70:0x3c DW_TAG_subprogram
	.long	.Lfunc_begin1                   @ DW_AT_low_pc
	.long	.Lfunc_end1-.Lfunc_begin1       @ DW_AT_high_pc
	.byte	1                               @ DW_AT_frame_base
	.byte	93
	.long	.Linfo_string4                  @ DW_AT_name
	.byte	1                               @ DW_AT_decl_file
	.byte	69                              @ DW_AT_decl_line
                                        @ DW_AT_prototyped
                                        @ DW_AT_external
	.byte	3                               @ Abbrev [3] 0x81:0xe DW_TAG_formal_parameter
	.byte	2                               @ DW_AT_location
	.byte	145
	.byte	8
	.long	.Linfo_string8                  @ DW_AT_name
	.byte	1                               @ DW_AT_decl_file
	.byte	69                              @ DW_AT_decl_line
	.long	366                             @ DW_AT_type
	.byte	3                               @ Abbrev [3] 0x8f:0xe DW_TAG_formal_parameter
	.byte	2                               @ DW_AT_location
	.byte	145
	.byte	4
	.long	.Linfo_string30                 @ DW_AT_name
	.byte	1                               @ DW_AT_decl_file
	.byte	69                              @ DW_AT_decl_line
	.long	560                             @ DW_AT_type
	.byte	3                               @ Abbrev [3] 0x9d:0xe DW_TAG_formal_parameter
	.byte	2                               @ DW_AT_location
	.byte	145
	.byte	0
	.long	.Linfo_string31                 @ DW_AT_name
	.byte	1                               @ DW_AT_decl_file
	.byte	69                              @ DW_AT_decl_line
	.long	560                             @ DW_AT_type
	.byte	0                               @ End Of Children Mark
	.byte	2                               @ Abbrev [2] 0xac:0x2e DW_TAG_subprogram
	.long	.Lfunc_begin2                   @ DW_AT_low_pc
	.long	.Lfunc_end2-.Lfunc_begin2       @ DW_AT_high_pc
	.byte	1                               @ DW_AT_frame_base
	.byte	93
	.long	.Linfo_string5                  @ DW_AT_name
	.byte	1                               @ DW_AT_decl_file
	.byte	89                              @ DW_AT_decl_line
                                        @ DW_AT_prototyped
                                        @ DW_AT_external
	.byte	3                               @ Abbrev [3] 0xbd:0xe DW_TAG_formal_parameter
	.byte	2                               @ DW_AT_location
	.byte	145
	.byte	4
	.long	.Linfo_string8                  @ DW_AT_name
	.byte	1                               @ DW_AT_decl_file
	.byte	89                              @ DW_AT_decl_line
	.long	366                             @ DW_AT_type
	.byte	3                               @ Abbrev [3] 0xcb:0xe DW_TAG_formal_parameter
	.byte	2                               @ DW_AT_location
	.byte	145
	.byte	0
	.long	.Linfo_string30                 @ DW_AT_name
	.byte	1                               @ DW_AT_decl_file
	.byte	89                              @ DW_AT_decl_line
	.long	560                             @ DW_AT_type
	.byte	0                               @ End Of Children Mark
	.byte	2                               @ Abbrev [2] 0xda:0x4a DW_TAG_subprogram
	.long	.Lfunc_begin3                   @ DW_AT_low_pc
	.long	.Lfunc_end3-.Lfunc_begin3       @ DW_AT_high_pc
	.byte	1                               @ DW_AT_frame_base
	.byte	93
	.long	.Linfo_string6                  @ DW_AT_name
	.byte	1                               @ DW_AT_decl_file
	.byte	112                             @ DW_AT_decl_line
                                        @ DW_AT_prototyped
                                        @ DW_AT_external
	.byte	3                               @ Abbrev [3] 0xeb:0xe DW_TAG_formal_parameter
	.byte	2                               @ DW_AT_location
	.byte	145
	.byte	12
	.long	.Linfo_string8                  @ DW_AT_name
	.byte	1                               @ DW_AT_decl_file
	.byte	112                             @ DW_AT_decl_line
	.long	366                             @ DW_AT_type
	.byte	3                               @ Abbrev [3] 0xf9:0xe DW_TAG_formal_parameter
	.byte	2                               @ DW_AT_location
	.byte	145
	.byte	8
	.long	.Linfo_string27                 @ DW_AT_name
	.byte	1                               @ DW_AT_decl_file
	.byte	112                             @ DW_AT_decl_line
	.long	560                             @ DW_AT_type
	.byte	3                               @ Abbrev [3] 0x107:0xe DW_TAG_formal_parameter
	.byte	2                               @ DW_AT_location
	.byte	145
	.byte	4
	.long	.Linfo_string28                 @ DW_AT_name
	.byte	1                               @ DW_AT_decl_file
	.byte	112                             @ DW_AT_decl_line
	.long	560                             @ DW_AT_type
	.byte	4                               @ Abbrev [4] 0x115:0xe DW_TAG_variable
	.byte	2                               @ DW_AT_location
	.byte	145
	.byte	0
	.long	.Linfo_string29                 @ DW_AT_name
	.byte	1                               @ DW_AT_decl_file
	.byte	114                             @ DW_AT_decl_line
	.long	560                             @ DW_AT_type
	.byte	0                               @ End Of Children Mark
	.byte	2                               @ Abbrev [2] 0x124:0x4a DW_TAG_subprogram
	.long	.Lfunc_begin4                   @ DW_AT_low_pc
	.long	.Lfunc_end4-.Lfunc_begin4       @ DW_AT_high_pc
	.byte	1                               @ DW_AT_frame_base
	.byte	93
	.long	.Linfo_string7                  @ DW_AT_name
	.byte	1                               @ DW_AT_decl_file
	.byte	140                             @ DW_AT_decl_line
                                        @ DW_AT_prototyped
                                        @ DW_AT_external
	.byte	3                               @ Abbrev [3] 0x135:0xe DW_TAG_formal_parameter
	.byte	2                               @ DW_AT_location
	.byte	145
	.byte	12
	.long	.Linfo_string8                  @ DW_AT_name
	.byte	1                               @ DW_AT_decl_file
	.byte	140                             @ DW_AT_decl_line
	.long	366                             @ DW_AT_type
	.byte	3                               @ Abbrev [3] 0x143:0xe DW_TAG_formal_parameter
	.byte	2                               @ DW_AT_location
	.byte	145
	.byte	8
	.long	.Linfo_string27                 @ DW_AT_name
	.byte	1                               @ DW_AT_decl_file
	.byte	140                             @ DW_AT_decl_line
	.long	560                             @ DW_AT_type
	.byte	3                               @ Abbrev [3] 0x151:0xe DW_TAG_formal_parameter
	.byte	2                               @ DW_AT_location
	.byte	145
	.byte	4
	.long	.Linfo_string28                 @ DW_AT_name
	.byte	1                               @ DW_AT_decl_file
	.byte	140                             @ DW_AT_decl_line
	.long	560                             @ DW_AT_type
	.byte	4                               @ Abbrev [4] 0x15f:0xe DW_TAG_variable
	.byte	2                               @ DW_AT_location
	.byte	145
	.byte	0
	.long	.Linfo_string29                 @ DW_AT_name
	.byte	1                               @ DW_AT_decl_file
	.byte	142                             @ DW_AT_decl_line
	.long	560                             @ DW_AT_type
	.byte	0                               @ End Of Children Mark
	.byte	5                               @ Abbrev [5] 0x16e:0x5 DW_TAG_pointer_type
	.long	371                             @ DW_AT_type
	.byte	6                               @ Abbrev [6] 0x173:0xb DW_TAG_typedef
	.long	382                             @ DW_AT_type
	.long	.Linfo_string26                 @ DW_AT_name
	.byte	3                               @ DW_AT_decl_file
	.byte	238                             @ DW_AT_decl_line
	.byte	7                               @ Abbrev [7] 0x17e:0xad DW_TAG_structure_type
	.byte	56                              @ DW_AT_byte_size
	.byte	3                               @ DW_AT_decl_file
	.byte	23                              @ DW_AT_decl_line
	.byte	8                               @ Abbrev [8] 0x182:0xc DW_TAG_member
	.long	.Linfo_string9                  @ DW_AT_name
	.long	555                             @ DW_AT_type
	.byte	3                               @ DW_AT_decl_file
	.byte	223                             @ DW_AT_decl_line
	.byte	0                               @ DW_AT_data_member_location
	.byte	8                               @ Abbrev [8] 0x18e:0xc DW_TAG_member
	.long	.Linfo_string12                 @ DW_AT_name
	.long	555                             @ DW_AT_type
	.byte	3                               @ DW_AT_decl_file
	.byte	224                             @ DW_AT_decl_line
	.byte	4                               @ DW_AT_data_member_location
	.byte	8                               @ Abbrev [8] 0x19a:0xc DW_TAG_member
	.long	.Linfo_string13                 @ DW_AT_name
	.long	555                             @ DW_AT_type
	.byte	3                               @ DW_AT_decl_file
	.byte	225                             @ DW_AT_decl_line
	.byte	8                               @ DW_AT_data_member_location
	.byte	8                               @ Abbrev [8] 0x1a6:0xc DW_TAG_member
	.long	.Linfo_string14                 @ DW_AT_name
	.long	555                             @ DW_AT_type
	.byte	3                               @ DW_AT_decl_file
	.byte	226                             @ DW_AT_decl_line
	.byte	12                              @ DW_AT_data_member_location
	.byte	8                               @ Abbrev [8] 0x1b2:0xc DW_TAG_member
	.long	.Linfo_string15                 @ DW_AT_name
	.long	578                             @ DW_AT_type
	.byte	3                               @ DW_AT_decl_file
	.byte	227                             @ DW_AT_decl_line
	.byte	16                              @ DW_AT_data_member_location
	.byte	8                               @ Abbrev [8] 0x1be:0xc DW_TAG_member
	.long	.Linfo_string16                 @ DW_AT_name
	.long	555                             @ DW_AT_type
	.byte	3                               @ DW_AT_decl_file
	.byte	228                             @ DW_AT_decl_line
	.byte	20                              @ DW_AT_data_member_location
	.byte	8                               @ Abbrev [8] 0x1ca:0xc DW_TAG_member
	.long	.Linfo_string17                 @ DW_AT_name
	.long	555                             @ DW_AT_type
	.byte	3                               @ DW_AT_decl_file
	.byte	229                             @ DW_AT_decl_line
	.byte	24                              @ DW_AT_data_member_location
	.byte	8                               @ Abbrev [8] 0x1d6:0xc DW_TAG_member
	.long	.Linfo_string18                 @ DW_AT_name
	.long	555                             @ DW_AT_type
	.byte	3                               @ DW_AT_decl_file
	.byte	230                             @ DW_AT_decl_line
	.byte	28                              @ DW_AT_data_member_location
	.byte	8                               @ Abbrev [8] 0x1e2:0xc DW_TAG_member
	.long	.Linfo_string19                 @ DW_AT_name
	.long	555                             @ DW_AT_type
	.byte	3                               @ DW_AT_decl_file
	.byte	231                             @ DW_AT_decl_line
	.byte	32                              @ DW_AT_data_member_location
	.byte	8                               @ Abbrev [8] 0x1ee:0xc DW_TAG_member
	.long	.Linfo_string20                 @ DW_AT_name
	.long	555                             @ DW_AT_type
	.byte	3                               @ DW_AT_decl_file
	.byte	232                             @ DW_AT_decl_line
	.byte	36                              @ DW_AT_data_member_location
	.byte	8                               @ Abbrev [8] 0x1fa:0xc DW_TAG_member
	.long	.Linfo_string21                 @ DW_AT_name
	.long	555                             @ DW_AT_type
	.byte	3                               @ DW_AT_decl_file
	.byte	233                             @ DW_AT_decl_line
	.byte	40                              @ DW_AT_data_member_location
	.byte	8                               @ Abbrev [8] 0x206:0xc DW_TAG_member
	.long	.Linfo_string22                 @ DW_AT_name
	.long	583                             @ DW_AT_type
	.byte	3                               @ DW_AT_decl_file
	.byte	234                             @ DW_AT_decl_line
	.byte	44                              @ DW_AT_data_member_location
	.byte	8                               @ Abbrev [8] 0x212:0xc DW_TAG_member
	.long	.Linfo_string24                 @ DW_AT_name
	.long	555                             @ DW_AT_type
	.byte	3                               @ DW_AT_decl_file
	.byte	235                             @ DW_AT_decl_line
	.byte	48                              @ DW_AT_data_member_location
	.byte	8                               @ Abbrev [8] 0x21e:0xc DW_TAG_member
	.long	.Linfo_string25                 @ DW_AT_name
	.long	555                             @ DW_AT_type
	.byte	3                               @ DW_AT_decl_file
	.byte	236                             @ DW_AT_decl_line
	.byte	52                              @ DW_AT_data_member_location
	.byte	0                               @ End Of Children Mark
	.byte	9                               @ Abbrev [9] 0x22b:0x5 DW_TAG_volatile_type
	.long	560                             @ DW_AT_type
	.byte	6                               @ Abbrev [6] 0x230:0xb DW_TAG_typedef
	.long	571                             @ DW_AT_type
	.long	.Linfo_string11                 @ DW_AT_name
	.byte	2                               @ DW_AT_decl_file
	.byte	64                              @ DW_AT_decl_line
	.byte	10                              @ Abbrev [10] 0x23b:0x7 DW_TAG_base_type
	.long	.Linfo_string10                 @ DW_AT_name
	.byte	7                               @ DW_AT_encoding
	.byte	4                               @ DW_AT_byte_size
	.byte	11                              @ Abbrev [11] 0x242:0x5 DW_TAG_const_type
	.long	555                             @ DW_AT_type
	.byte	12                              @ Abbrev [12] 0x247:0xc DW_TAG_array_type
	.long	578                             @ DW_AT_type
	.byte	13                              @ Abbrev [13] 0x24c:0x6 DW_TAG_subrange_type
	.long	595                             @ DW_AT_type
	.byte	1                               @ DW_AT_count
	.byte	0                               @ End Of Children Mark
	.byte	14                              @ Abbrev [14] 0x253:0x7 DW_TAG_base_type
	.long	.Linfo_string23                 @ DW_AT_name
	.byte	8                               @ DW_AT_byte_size
	.byte	7                               @ DW_AT_encoding
	.byte	0                               @ End Of Children Mark
.Ldebug_info_end0:
	.section	.debug_ranges,"",%progbits
.Ldebug_ranges0:
	.long	.Lfunc_begin0
	.long	.Lfunc_end0
	.long	.Lfunc_begin1
	.long	.Lfunc_end1
	.long	.Lfunc_begin2
	.long	.Lfunc_end2
	.long	.Lfunc_begin3
	.long	.Lfunc_end3
	.long	.Lfunc_begin4
	.long	.Lfunc_end4
	.long	0
	.long	0
	.section	.debug_str,"MS",%progbits,1
.Linfo_string0:
	.asciz	"Component: Arm Compiler for Embedded 6.22 Tool: armclang [5ee92100]" @ string offset=0
.Linfo_string1:
	.asciz	"../../../Library/StdDriver/src\\gpio.c" @ string offset=68
.Linfo_string2:
	.asciz	"D:\\SourceCode\\_Avery_M2003\\M2003BSP_FLASH_EMULATE_EEPROM\\SampleCode\\Template\\Keil" @ string offset=106
.Linfo_string3:
	.asciz	"GPIO_SetMode"                  @ string offset=188
.Linfo_string4:
	.asciz	"GPIO_EnableInt"                @ string offset=201
.Linfo_string5:
	.asciz	"GPIO_DisableInt"               @ string offset=216
.Linfo_string6:
	.asciz	"GPIO_SetSlewCtl"               @ string offset=232
.Linfo_string7:
	.asciz	"GPIO_SetPullCtl"               @ string offset=248
.Linfo_string8:
	.asciz	"port"                          @ string offset=264
.Linfo_string9:
	.asciz	"MODE"                          @ string offset=269
.Linfo_string10:
	.asciz	"unsigned int"                  @ string offset=274
.Linfo_string11:
	.asciz	"uint32_t"                      @ string offset=287
.Linfo_string12:
	.asciz	"DINOFF"                        @ string offset=296
.Linfo_string13:
	.asciz	"DOUT"                          @ string offset=303
.Linfo_string14:
	.asciz	"DATMSK"                        @ string offset=308
.Linfo_string15:
	.asciz	"PIN"                           @ string offset=315
.Linfo_string16:
	.asciz	"DBEN"                          @ string offset=319
.Linfo_string17:
	.asciz	"INTTYPE"                       @ string offset=324
.Linfo_string18:
	.asciz	"INTEN"                         @ string offset=332
.Linfo_string19:
	.asciz	"INTSRC"                        @ string offset=338
.Linfo_string20:
	.asciz	"SMTEN"                         @ string offset=345
.Linfo_string21:
	.asciz	"SLEWCTL"                       @ string offset=351
.Linfo_string22:
	.asciz	"RESERVE0"                      @ string offset=359
.Linfo_string23:
	.asciz	"__ARRAY_SIZE_TYPE__"           @ string offset=368
.Linfo_string24:
	.asciz	"PUSEL"                         @ string offset=388
.Linfo_string25:
	.asciz	"DBCTL"                         @ string offset=394
.Linfo_string26:
	.asciz	"GPIO_T"                        @ string offset=400
.Linfo_string27:
	.asciz	"u32PinMask"                    @ string offset=407
.Linfo_string28:
	.asciz	"u32Mode"                       @ string offset=418
.Linfo_string29:
	.asciz	"u32Idx"                        @ string offset=426
.Linfo_string30:
	.asciz	"u32Pin"                        @ string offset=433
.Linfo_string31:
	.asciz	"u32IntAttribs"                 @ string offset=440
	.ident	"Component: Arm Compiler for Embedded 6.22 Tool: armclang [5ee92100]"
	.section	".note.GNU-stack","",%progbits
	.eabi_attribute	30, 6	@ Tag_ABI_optimization_goals
	.ARM_attribute	16, 1	@ Tag_AV_eba
	.section	.debug_line,"",%progbits
.Lline_table_start0:
