Component: Arm Compiler for Embedded 6.22 Tool: armlink [5ee90200]

==============================================================================

Small function inlining results

Inlined function __aeabi_idiv0 from idiv0.o at offset 0x160 in aeabi_sdiv.o(.text).
Inlined Instruction: BX       lr
Inlined function __aeabi_idiv0 from idiv0.o at offset 0xc in aeabi_sdiv_div0.o(.text).
Inlined Instruction: BX       lr
Inlined function __aeabi_idiv0 from idiv0.o at offset 0x176 in aeabi_sdiv_div0.o(.text).
Inlined Instruction: BX       lr
Inlined function __aeabi_idiv0 from idiv0.o at offset 0x18 in uidiv_div0.o(.text).
Inlined Instruction: BX       lr
Inlined function __aeabi_idiv0 from idiv0.o at offset 0x42 in idiv_div0.o(.text).
Inlined Instruction: BX       lr
Inlined total of 5 calls.

==============================================================================

Image Symbol Table

    Local Symbols

    Symbol Name                              Value     Ov Type        Size  Object(Section)

    ../clib/division.s                       0x00000000   Number         0  aeabi_sdiv.o ABSOLUTE
    ../clib/division.s                       0x00000000   Number         0  aeabi_sdiv_div0.o ABSOLUTE
    ../clib/microlib/division.c              0x00000000   Number         0  uidiv.o ABSOLUTE
    ../clib/microlib/division.c              0x00000000   Number         0  uldiv.o ABSOLUTE
    ../clib/microlib/division.c              0x00000000   Number         0  uidiv_div0.o ABSOLUTE
    ../clib/microlib/division.c              0x00000000   Number         0  idiv_div0.o ABSOLUTE
    ../clib/microlib/division.c              0x00000000   Number         0  idiv0.o ABSOLUTE
    ../clib/microlib/init/entry.s            0x00000000   Number         0  entry.o ABSOLUTE
    ../clib/microlib/init/entry.s            0x00000000   Number         0  entry2.o ABSOLUTE
    ../clib/microlib/init/entry.s            0x00000000   Number         0  entry5.o ABSOLUTE
    ../clib/microlib/init/entry.s            0x00000000   Number         0  entry7a.o ABSOLUTE
    ../clib/microlib/init/entry.s            0x00000000   Number         0  entry7b.o ABSOLUTE
    ../clib/microlib/init/entry.s            0x00000000   Number         0  entry8a.o ABSOLUTE
    ../clib/microlib/init/entry.s            0x00000000   Number         0  entry8b.o ABSOLUTE
    ../clib/microlib/init/entry.s            0x00000000   Number         0  entry9a.o ABSOLUTE
    ../clib/microlib/init/entry.s            0x00000000   Number         0  entry9b.o ABSOLUTE
    ../clib/microlib/init/entry.s            0x00000000   Number         0  entry10a.o ABSOLUTE
    ../clib/microlib/init/entry.s            0x00000000   Number         0  entry10b.o ABSOLUTE
    ../clib/microlib/init/entry.s            0x00000000   Number         0  entry11a.o ABSOLUTE
    ../clib/microlib/init/entry.s            0x00000000   Number         0  entry11b.o ABSOLUTE
    ../clib/microlib/longlong.c              0x00000000   Number         0  llshl.o ABSOLUTE
    ../clib/microlib/longlong.c              0x00000000   Number         0  llushr.o ABSOLUTE
    ../clib/microlib/longlong.c              0x00000000   Number         0  llsshr.o ABSOLUTE
    ../clib/microlib/printf/printf.c         0x00000000   Number         0  printfa.o ABSOLUTE
    ../clib/microlib/string/memcmp.c         0x00000000   Number         0  memcmp.o ABSOLUTE
    ../clib/microlib/stubs.s                 0x00000000   Number         0  iusefp.o ABSOLUTE
    ../fplib/microlib/fpadd.c                0x00000000   Number         0  dadd.o ABSOLUTE
    ../fplib/microlib/fpdiv.c                0x00000000   Number         0  ddiv.o ABSOLUTE
    ../fplib/microlib/fpepilogue.c           0x00000000   Number         0  depilogue.o ABSOLUTE
    ../fplib/microlib/fpfix.c                0x00000000   Number         0  dfixul.o ABSOLUTE
    ../fplib/microlib/fpmul.c                0x00000000   Number         0  dmul.o ABSOLUTE
    ..\..\..\Library\Device\Nuvoton\M2003\Source\ARM\startup_M2003.s 0x00000000   Number         0  startup_m2003.o ABSOLUTE
    EEPROM_Emulate.c                         0x00000000   Number         0  eeprom_emulate.o ABSOLUTE
    cdrcmple.s                               0x00000000   Number         0  cdrcmple.o ABSOLUTE
    clk.c                                    0x00000000   Number         0  clk.o ABSOLUTE
    fmc.c                                    0x00000000   Number         0  fmc.o ABSOLUTE
    gpio.c                                   0x00000000   Number         0  gpio.o ABSOLUTE
    handlers.s                               0x00000000   Number         0  handlers.o ABSOLUTE
    init.s                                   0x00000000   Number         0  init.o ABSOLUTE
    main.c                                   0x00000000   Number         0  main.o ABSOLUTE
    misc_config.c                            0x00000000   Number         0  misc_config.o ABSOLUTE
    retarget.c                               0x00000000   Number         0  retarget.o ABSOLUTE
    sys.c                                    0x00000000   Number         0  sys.o ABSOLUTE
    system_M2003.c                           0x00000000   Number         0  system_m2003.o ABSOLUTE
    timer.c                                  0x00000000   Number         0  timer.o ABSOLUTE
    timer_service.c                          0x00000000   Number         0  timer_service.o ABSOLUTE
    uart.c                                   0x00000000   Number         0  uart.o ABSOLUTE
    RESET                                    0x00000000   Section      320  startup_m2003.o(RESET)
    .ARM.Collect$$$$00000000                 0x00000140   Section        0  entry.o(.ARM.Collect$$$$00000000)
    .ARM.Collect$$$$00000001                 0x00000140   Section        4  entry2.o(.ARM.Collect$$$$00000001)
    .ARM.Collect$$$$00000004                 0x00000144   Section        4  entry5.o(.ARM.Collect$$$$00000004)
    .ARM.Collect$$$$00000008                 0x00000148   Section        0  entry7b.o(.ARM.Collect$$$$00000008)
    .ARM.Collect$$$$0000000A                 0x00000148   Section        0  entry8b.o(.ARM.Collect$$$$0000000A)
    .ARM.Collect$$$$0000000B                 0x00000148   Section        8  entry9a.o(.ARM.Collect$$$$0000000B)
    __lit__00000000                          0x00000150   Data           4  entry2.o(.ARM.Collect$$$$00002712)
    .ARM.Collect$$$$0000000D                 0x00000150   Section        0  entry10a.o(.ARM.Collect$$$$0000000D)
    .ARM.Collect$$$$0000000F                 0x00000150   Section        0  entry11a.o(.ARM.Collect$$$$0000000F)
    .ARM.Collect$$$$00002712                 0x00000150   Section        4  entry2.o(.ARM.Collect$$$$00002712)
    .text                                    0x00000154   Section      124  startup_m2003.o(.text)
    Default_Handler                          0x000001a1   Thumb Code     2  startup_m2003.o(.text)
    .text                                    0x000001d0   Section        0  uldiv.o(.text)
    .text                                    0x00000230   Section        0  iusefp.o(.text)
    .text                                    0x00000230   Section        0  dadd.o(.text)
    .text                                    0x00000394   Section        0  dmul.o(.text)
    .text                                    0x00000464   Section        0  ddiv.o(.text)
    .text                                    0x00000554   Section        0  dfixul.o(.text)
    .text                                    0x00000594   Section       40  cdrcmple.o(.text)
    .text                                    0x000005bc   Section       48  init.o(.text)
    .text                                    0x000005ec   Section        0  uidiv_div0.o(.text)
    .text                                    0x0000062a   Section        0  llshl.o(.text)
    .text                                    0x0000064a   Section        0  llushr.o(.text)
    .text                                    0x0000066c   Section        0  llsshr.o(.text)
    .text                                    0x00000692   Section        0  depilogue.o(.text)
    [Anonymous Symbol]                       0x00000750   Section        0  clk.o(.text.CLK_EnableModuleClock)
    __arm_cp.16_0                            0x00000784   Number         4  clk.o(.text.CLK_EnableModuleClock)
    [Anonymous Symbol]                       0x00000788   Section        0  clk.o(.text.CLK_EnableXtalRC)
    [Anonymous Symbol]                       0x0000079c   Section        0  clk.o(.text.CLK_GetCPUFreq)
    [Anonymous Symbol]                       0x000007a8   Section        0  clk.o(.text.CLK_GetHCLKFreq)
    [Anonymous Symbol]                       0x000007b4   Section        0  clk.o(.text.CLK_GetPCLK0Freq)
    [Anonymous Symbol]                       0x000007d4   Section        0  clk.o(.text.CLK_GetPCLK1Freq)
    __arm_cp.6_0                             0x000007f4   Number         4  clk.o(.text.CLK_GetPCLK1Freq)
    [Anonymous Symbol]                       0x000007f8   Section        0  clk.o(.text.CLK_SetHCLK)
    __arm_cp.10_1                            0x000008e4   Number         4  clk.o(.text.CLK_SetHCLK)
    __arm_cp.10_3                            0x000008e8   Number         4  clk.o(.text.CLK_SetHCLK)
    __arm_cp.10_6                            0x000008ec   Number         4  clk.o(.text.CLK_SetHCLK)
    __arm_cp.10_7                            0x000008f0   Number         4  clk.o(.text.CLK_SetHCLK)
    __arm_cp.10_8                            0x000008f4   Number         4  clk.o(.text.CLK_SetHCLK)
    __arm_cp.10_9                            0x000008f8   Number         4  clk.o(.text.CLK_SetHCLK)
    __arm_cp.10_10                           0x000008fc   Number         4  clk.o(.text.CLK_SetHCLK)
    [Anonymous Symbol]                       0x00000900   Section        0  clk.o(.text.CLK_SetModuleClock)
    __arm_cp.12_0                            0x0000099c   Number         4  clk.o(.text.CLK_SetModuleClock)
    __arm_cp.12_1                            0x000009a0   Number         4  clk.o(.text.CLK_SetModuleClock)
    [Anonymous Symbol]                       0x000009a4   Section        0  clk.o(.text.CLK_WaitClockReady)
    __arm_cp.11_0                            0x000009f4   Number         4  clk.o(.text.CLK_WaitClockReady)
    __arm_cp.11_1                            0x000009f8   Number         4  clk.o(.text.CLK_WaitClockReady)
    __arm_cp.11_2                            0x000009fc   Number         4  clk.o(.text.CLK_WaitClockReady)
    DumpStack                                0x00000a01   Thumb Code     8  retarget.o(.text.DumpStack)
    [Anonymous Symbol]                       0x00000a00   Section        0  retarget.o(.text.DumpStack)
    [Anonymous Symbol]                       0x00000a08   Section        0  main.o(.text.Emulate_EEPROM)
    __arm_cp.15_0                            0x00000a30   Number         4  main.o(.text.Emulate_EEPROM)
    [Anonymous Symbol]                       0x00000a34   Section        0  main.o(.text.Emulate_EEPROM_EraseTest)
    __arm_cp.10_0                            0x00000a90   Number         4  main.o(.text.Emulate_EEPROM_EraseTest)
    __arm_cp.10_1                            0x00000a94   Number         4  main.o(.text.Emulate_EEPROM_EraseTest)
    [Anonymous Symbol]                       0x00000a98   Section        0  main.o(.text.Emulate_EEPROM_ReadTest)
    __arm_cp.14_0                            0x00000b18   Number         4  main.o(.text.Emulate_EEPROM_ReadTest)
    __arm_cp.14_1                            0x00000b1c   Number         4  main.o(.text.Emulate_EEPROM_ReadTest)
    __arm_cp.14_2                            0x00000b20   Number         4  main.o(.text.Emulate_EEPROM_ReadTest)
    __arm_cp.14_3                            0x00000b24   Number         4  main.o(.text.Emulate_EEPROM_ReadTest)
    [Anonymous Symbol]                       0x00000b28   Section        0  main.o(.text.Emulate_EEPROM_WriteTest)
    __arm_cp.13_0                            0x00000ba8   Number         4  main.o(.text.Emulate_EEPROM_WriteTest)
    __arm_cp.13_1                            0x00000bac   Number         4  main.o(.text.Emulate_EEPROM_WriteTest)
    __arm_cp.13_2                            0x00000bb0   Number         4  main.o(.text.Emulate_EEPROM_WriteTest)
    [Anonymous Symbol]                       0x00000bb4   Section        0  fmc.o(.text.FMC_Close)
    [Anonymous Symbol]                       0x00000bc0   Section        0  eeprom_emulate.o(.text.FMC_Enable)
    __arm_cp.0_0                             0x00000be4   Number         4  eeprom_emulate.o(.text.FMC_Enable)
    [Anonymous Symbol]                       0x00000be8   Section        0  fmc.o(.text.FMC_Erase)
    __arm_cp.1_4                             0x00000c90   Number         4  fmc.o(.text.FMC_Erase)
    [Anonymous Symbol]                       0x00000c94   Section        0  fmc.o(.text.FMC_Erase_SPROM)
    __arm_cp.2_4                             0x00000da8   Number         4  fmc.o(.text.FMC_Erase_SPROM)
    __arm_cp.2_8                             0x00000dac   Number         4  fmc.o(.text.FMC_Erase_SPROM)
    [Anonymous Symbol]                       0x00000db0   Section        0  fmc.o(.text.FMC_Open)
    __arm_cp.3_0                             0x00000dbc   Number         4  fmc.o(.text.FMC_Open)
    [Anonymous Symbol]                       0x00000dc0   Section        0  fmc.o(.text.FMC_Read)
    [Anonymous Symbol]                       0x00000e30   Section        0  fmc.o(.text.FMC_Write)
    __arm_cp.5_0                             0x00000ec8   Number         4  fmc.o(.text.FMC_Write)
    __arm_cp.5_1                             0x00000ecc   Number         4  fmc.o(.text.FMC_Write)
    __arm_cp.5_2                             0x00000ed0   Number         4  fmc.o(.text.FMC_Write)
    __arm_cp.5_3                             0x00000ed4   Number         4  fmc.o(.text.FMC_Write)
    __arm_cp.5_4                             0x00000ed8   Number         4  fmc.o(.text.FMC_Write)
    __arm_cp.5_5                             0x00000edc   Number         4  fmc.o(.text.FMC_Write)
    __arm_cp.5_6                             0x00000ee0   Number         4  fmc.o(.text.FMC_Write)
    [Anonymous Symbol]                       0x00000ee4   Section        0  main.o(.text.GPIO_Init)
    __arm_cp.33_0                            0x00000efc   Number         4  main.o(.text.GPIO_Init)
    __arm_cp.33_1                            0x00000f00   Number         4  main.o(.text.GPIO_Init)
    [Anonymous Symbol]                       0x00000f04   Section        0  gpio.o(.text.GPIO_SetMode)
    [Anonymous Symbol]                       0x00000f50   Section        0  eeprom_emulate.o(.text.Init_EEPROM)
    [Anonymous Symbol]                       0x00000fb4   Section        0  eeprom_emulate.o(.text.Manage_Next_Page)
    __arm_cp.6_0                             0x00001170   Number         4  eeprom_emulate.o(.text.Manage_Next_Page)
    __arm_cp.6_1                             0x00001174   Number         4  eeprom_emulate.o(.text.Manage_Next_Page)
    __arm_cp.6_4                             0x00001178   Number         4  eeprom_emulate.o(.text.Manage_Next_Page)
    __arm_cp.6_5                             0x0000117c   Number         4  eeprom_emulate.o(.text.Manage_Next_Page)
    __arm_cp.6_6                             0x00001180   Number         4  eeprom_emulate.o(.text.Manage_Next_Page)
    [Anonymous Symbol]                       0x00001184   Section        0  retarget.o(.text.ProcessHardFault)
    __arm_cp.1_0                             0x000011f4   Number         4  retarget.o(.text.ProcessHardFault)
    __arm_cp.1_1                             0x000011f8   Number         4  retarget.o(.text.ProcessHardFault)
    __arm_cp.1_2                             0x000011fc   Number         4  retarget.o(.text.ProcessHardFault)
    [Anonymous Symbol]                       0x00001200   Section        0  eeprom_emulate.o(.text.Read_Data)
    __arm_cp.4_0                             0x00001234   Number         4  eeprom_emulate.o(.text.Read_Data)
    __arm_cp.4_1                             0x00001238   Number         4  eeprom_emulate.o(.text.Read_Data)
    [Anonymous Symbol]                       0x0000123c   Section        0  retarget.o(.text.SH_Return)
    [Anonymous Symbol]                       0x0000124c   Section        0  sys.o(.text.SYS_ClearResetSrc)
    [Anonymous Symbol]                       0x0000125c   Section        0  sys.o(.text.SYS_GetResetSrc)
    __arm_cp.2_0                             0x00001264   Number         4  sys.o(.text.SYS_GetResetSrc)
    [Anonymous Symbol]                       0x00001268   Section        0  main.o(.text.SYS_Init)
    __arm_cp.34_0                            0x000012c4   Number         4  main.o(.text.SYS_Init)
    __arm_cp.34_1                            0x000012c8   Number         4  main.o(.text.SYS_Init)
    SYS_LockReg                              0x000012cd   Thumb Code     8  system_m2003.o(.text.SYS_LockReg)
    [Anonymous Symbol]                       0x000012cc   Section        0  system_m2003.o(.text.SYS_LockReg)
    SYS_LockReg                              0x000012d5   Thumb Code     8  main.o(.text.SYS_LockReg)
    [Anonymous Symbol]                       0x000012d4   Section        0  main.o(.text.SYS_LockReg)
    [Anonymous Symbol]                       0x000012dc   Section        0  sys.o(.text.SYS_ResetChip)
    [Anonymous Symbol]                       0x000012e8   Section        0  sys.o(.text.SYS_ResetModule)
    __arm_cp.7_0                             0x00001330   Number         4  sys.o(.text.SYS_ResetModule)
    __arm_cp.7_1                             0x00001334   Number         4  sys.o(.text.SYS_ResetModule)
    SYS_UnlockReg                            0x00001339   Thumb Code    32  system_m2003.o(.text.SYS_UnlockReg)
    [Anonymous Symbol]                       0x00001338   Section        0  system_m2003.o(.text.SYS_UnlockReg)
    SYS_UnlockReg                            0x00001359   Thumb Code    32  main.o(.text.SYS_UnlockReg)
    [Anonymous Symbol]                       0x00001358   Section        0  main.o(.text.SYS_UnlockReg)
    SYS_UnlockReg                            0x00001379   Thumb Code    32  eeprom_emulate.o(.text.SYS_UnlockReg)
    [Anonymous Symbol]                       0x00001378   Section        0  eeprom_emulate.o(.text.SYS_UnlockReg)
    __arm_cp.1_0                             0x00001398   Number         4  eeprom_emulate.o(.text.SYS_UnlockReg)
    [Anonymous Symbol]                       0x0000139c   Section        0  eeprom_emulate.o(.text.Search_Valid_Page)
    __arm_cp.3_0                             0x0000153c   Number         4  eeprom_emulate.o(.text.Search_Valid_Page)
    __arm_cp.3_1                             0x00001540   Number         4  eeprom_emulate.o(.text.Search_Valid_Page)
    __arm_cp.3_2                             0x00001544   Number         4  eeprom_emulate.o(.text.Search_Valid_Page)
    __arm_cp.3_3                             0x00001548   Number         4  eeprom_emulate.o(.text.Search_Valid_Page)
    __arm_cp.3_4                             0x0000154c   Number         4  eeprom_emulate.o(.text.Search_Valid_Page)
    __arm_cp.3_5                             0x00001550   Number         4  eeprom_emulate.o(.text.Search_Valid_Page)
    __arm_cp.3_6                             0x00001554   Number         4  eeprom_emulate.o(.text.Search_Valid_Page)
    [Anonymous Symbol]                       0x00001558   Section        0  retarget.o(.text.SendChar)
    [Anonymous Symbol]                       0x00001568   Section        0  retarget.o(.text.SendChar_ToUART)
    __arm_cp.3_0                             0x000015a8   Number         4  retarget.o(.text.SendChar_ToUART)
    __arm_cp.3_1                             0x000015ac   Number         4  retarget.o(.text.SendChar_ToUART)
    SysTick_Config                           0x000015b1   Thumb Code    64  main.o(.text.SysTick_Config)
    [Anonymous Symbol]                       0x000015b0   Section        0  main.o(.text.SysTick_Config)
    __arm_cp.6_0                             0x000015f0   Number         4  main.o(.text.SysTick_Config)
    __arm_cp.6_1                             0x000015f4   Number         4  main.o(.text.SysTick_Config)
    __arm_cp.6_2                             0x000015f8   Number         4  main.o(.text.SysTick_Config)
    [Anonymous Symbol]                       0x000015fc   Section        0  main.o(.text.SysTick_Handler)
    [Anonymous Symbol]                       0x00001604   Section        0  main.o(.text.SysTick_enable)
    __arm_cp.5_1                             0x00001630   Number         4  main.o(.text.SysTick_enable)
    [Anonymous Symbol]                       0x00001634   Section        0  system_m2003.o(.text.SystemCoreClockUpdate)
    __arm_cp.0_0                             0x00001678   Number         4  system_m2003.o(.text.SystemCoreClockUpdate)
    __arm_cp.0_1                             0x0000167c   Number         4  system_m2003.o(.text.SystemCoreClockUpdate)
    __arm_cp.0_2                             0x00001680   Number         4  system_m2003.o(.text.SystemCoreClockUpdate)
    __arm_cp.0_3                             0x00001684   Number         4  system_m2003.o(.text.SystemCoreClockUpdate)
    __arm_cp.0_4                             0x00001688   Number         4  system_m2003.o(.text.SystemCoreClockUpdate)
    __arm_cp.0_5                             0x0000168c   Number         4  system_m2003.o(.text.SystemCoreClockUpdate)
    __arm_cp.0_6                             0x00001690   Number         4  system_m2003.o(.text.SystemCoreClockUpdate)
    [Anonymous Symbol]                       0x00001694   Section        0  system_m2003.o(.text.SystemInit)
    __arm_cp.1_0                             0x000016a8   Number         4  system_m2003.o(.text.SystemInit)
    [Anonymous Symbol]                       0x000016ac   Section        0  main.o(.text.TIMER1_Init)
    TIMER_ClearIntFlag                       0x000016d9   Thumb Code    14  main.o(.text.TIMER_ClearIntFlag)
    [Anonymous Symbol]                       0x000016d8   Section        0  main.o(.text.TIMER_ClearIntFlag)
    TIMER_EnableInt                          0x000016e7   Thumb Code    20  main.o(.text.TIMER_EnableInt)
    [Anonymous Symbol]                       0x000016e6   Section        0  main.o(.text.TIMER_EnableInt)
    TIMER_GetIntFlag                         0x000016fb   Thumb Code    16  main.o(.text.TIMER_GetIntFlag)
    [Anonymous Symbol]                       0x000016fa   Section        0  main.o(.text.TIMER_GetIntFlag)
    [Anonymous Symbol]                       0x0000170c   Section        0  timer.o(.text.TIMER_GetModuleClock)
    __arm_cp.1_0                             0x000017c0   Number         4  timer.o(.text.TIMER_GetModuleClock)
    __arm_cp.1_1                             0x000017c4   Number         4  timer.o(.text.TIMER_GetModuleClock)
    __arm_cp.1_3                             0x000017c8   Number         4  timer.o(.text.TIMER_GetModuleClock)
    __arm_cp.1_4                             0x000017cc   Number         4  timer.o(.text.TIMER_GetModuleClock)
    [Anonymous Symbol]                       0x000017d0   Section        0  timer.o(.text.TIMER_Open)
    TIMER_Start                              0x00001843   Thumb Code    20  main.o(.text.TIMER_Start)
    [Anonymous Symbol]                       0x00001842   Section        0  main.o(.text.TIMER_Start)
    [Anonymous Symbol]                       0x00001858   Section        0  main.o(.text.TMR1_IRQHandler)
    __arm_cp.22_0                            0x00001878   Number         4  main.o(.text.TMR1_IRQHandler)
    [Anonymous Symbol]                       0x0000187c   Section        0  main.o(.text.Task_1000ms_Callback)
    __arm_cp.17_0                            0x00001890   Number         4  main.o(.text.Task_1000ms_Callback)
    [Anonymous Symbol]                       0x00001894   Section        0  main.o(.text.Task_100ms_Callback)
    [Anonymous Symbol]                       0x0000189c   Section        0  main.o(.text.Task_10ms_Callback)
    [Anonymous Symbol]                       0x000018a4   Section        0  main.o(.text.TimerService_CreateTask)
    __arm_cp.20_0                            0x00001938   Number         4  main.o(.text.TimerService_CreateTask)
    __arm_cp.20_1                            0x0000193c   Number         4  main.o(.text.TimerService_CreateTask)
    __arm_cp.20_2                            0x00001940   Number         4  main.o(.text.TimerService_CreateTask)
    __arm_cp.20_3                            0x00001944   Number         4  main.o(.text.TimerService_CreateTask)
    __arm_cp.20_4                            0x00001948   Number         4  main.o(.text.TimerService_CreateTask)
    __arm_cp.20_5                            0x0000194c   Number         4  main.o(.text.TimerService_CreateTask)
    __arm_cp.20_6                            0x00001950   Number         4  main.o(.text.TimerService_CreateTask)
    __arm_cp.20_7                            0x00001954   Number         4  main.o(.text.TimerService_CreateTask)
    __arm_cp.20_8                            0x00001958   Number         4  main.o(.text.TimerService_CreateTask)
    [Anonymous Symbol]                       0x0000195c   Section        0  timer_service.o(.text.TimerService_CreateTimer)
    [Anonymous Symbol]                       0x00001978   Section        0  timer_service.o(.text.TimerService_CreateTimerQueue)
    [Anonymous Symbol]                       0x000019ec   Section        0  timer_service.o(.text.TimerService_DequeueEvent)
    [Anonymous Symbol]                       0x00001a5c   Section        0  timer_service.o(.text.TimerService_Dispatch)
    [Anonymous Symbol]                       0x00001a68   Section        0  timer_service.o(.text.TimerService_DispatchFlag)
    [Anonymous Symbol]                       0x00001acc   Section        0  timer_service.o(.text.TimerService_DispatchQueue)
    TimerService_EnqueueEventFromISR         0x00001b19   Thumb Code    76  timer_service.o(.text.TimerService_EnqueueEventFromISR)
    [Anonymous Symbol]                       0x00001b18   Section        0  timer_service.o(.text.TimerService_EnqueueEventFromISR)
    TimerService_EnterCritical               0x00001b65   Thumb Code     4  timer_service.o(.text.TimerService_EnterCritical)
    [Anonymous Symbol]                       0x00001b64   Section        0  timer_service.o(.text.TimerService_EnterCritical)
    TimerService_ExitCritical                0x00001b69   Thumb Code     4  timer_service.o(.text.TimerService_ExitCritical)
    [Anonymous Symbol]                       0x00001b68   Section        0  timer_service.o(.text.TimerService_ExitCritical)
    [Anonymous Symbol]                       0x00001b6c   Section        0  timer_service.o(.text.TimerService_Init)
    __arm_cp.15_0                            0x00001bc4   Number         4  timer_service.o(.text.TimerService_Init)
    [Anonymous Symbol]                       0x00001bc8   Section        0  timer_service.o(.text.TimerService_StartTimer)
    TimerService_TakePending                 0x00001c01   Thumb Code    50  timer_service.o(.text.TimerService_TakePending)
    [Anonymous Symbol]                       0x00001c00   Section        0  timer_service.o(.text.TimerService_TakePending)
    [Anonymous Symbol]                       0x00001c34   Section        0  timer_service.o(.text.TimerService_Tick1ms)
    __arm_cp.0_0                             0x00001cc0   Number         4  timer_service.o(.text.TimerService_Tick1ms)
    __arm_cp.0_1                             0x00001cc4   Number         4  timer_service.o(.text.TimerService_Tick1ms)
    [Anonymous Symbol]                       0x00001cc8   Section        0  main.o(.text.UART0_IRQHandler)
    __arm_cp.31_0                            0x00001d14   Number         4  main.o(.text.UART0_IRQHandler)
    __arm_cp.31_1                            0x00001d18   Number         4  main.o(.text.UART0_IRQHandler)
    [Anonymous Symbol]                       0x00001d1c   Section        0  main.o(.text.UART0_Init)
    __arm_cp.32_0                            0x00001d74   Number         4  main.o(.text.UART0_Init)
    __arm_cp.32_2                            0x00001d78   Number         4  main.o(.text.UART0_Init)
    __arm_cp.32_3                            0x00001d7c   Number         4  main.o(.text.UART0_Init)
    __arm_cp.32_4                            0x00001d80   Number         4  main.o(.text.UART0_Init)
    __arm_cp.32_5                            0x00001d84   Number         4  main.o(.text.UART0_Init)
    [Anonymous Symbol]                       0x00001d88   Section        0  uart.o(.text.UART_ClearIntFlag)
    __arm_cp.0_0                             0x00001e00   Number         4  uart.o(.text.UART_ClearIntFlag)
    [Anonymous Symbol]                       0x00001e04   Section        0  uart.o(.text.UART_EnableInt)
    [Anonymous Symbol]                       0x00001e18   Section        0  uart.o(.text.UART_Open)
    __arm_cp.6_0                             0x00001f28   Number         4  uart.o(.text.UART_Open)
    __arm_cp.6_2                             0x00001f2c   Number         4  uart.o(.text.UART_Open)
    __arm_cp.6_3                             0x00001f30   Number         4  uart.o(.text.UART_Open)
    __arm_cp.6_4                             0x00001f34   Number         4  uart.o(.text.UART_Open)
    __arm_cp.6_5                             0x00001f38   Number         4  uart.o(.text.UART_Open)
    [Anonymous Symbol]                       0x00001f3c   Section        0  main.o(.text.UARTx_Process)
    __arm_cp.30_0                            0x00001fd8   Number         4  main.o(.text.UARTx_Process)
    __arm_cp.30_1                            0x00001fdc   Number         4  main.o(.text.UARTx_Process)
    __arm_cp.30_2                            0x00001fe0   Number         4  main.o(.text.UARTx_Process)
    __arm_cp.30_3                            0x00001fe4   Number         4  main.o(.text.UARTx_Process)
    [Anonymous Symbol]                       0x00001fe8   Section        0  system_m2003.o(.text.Uart0DefaultMPF)
    __arm_cp.4_0                             0x0000200c   Number         4  system_m2003.o(.text.Uart0DefaultMPF)
    [Anonymous Symbol]                       0x00002010   Section        0  eeprom_emulate.o(.text.Write_Data)
    __arm_cp.5_0                             0x00002124   Number         4  eeprom_emulate.o(.text.Write_Data)
    __arm_cp.5_1                             0x00002128   Number         4  eeprom_emulate.o(.text.Write_Data)
    __arm_cp.5_2                             0x0000212c   Number         4  eeprom_emulate.o(.text.Write_Data)
    __arm_cp.5_3                             0x00002130   Number         4  eeprom_emulate.o(.text.Write_Data)
    __arm_cp.5_4                             0x00002134   Number         4  eeprom_emulate.o(.text.Write_Data)
    __arm_cp.5_5                             0x00002138   Number         4  eeprom_emulate.o(.text.Write_Data)
    __NVIC_EnableIRQ                         0x0000213d   Thumb Code    48  main.o(.text.__NVIC_EnableIRQ)
    [Anonymous Symbol]                       0x0000213c   Section        0  main.o(.text.__NVIC_EnableIRQ)
    __arm_cp.27_0                            0x0000216c   Number         4  main.o(.text.__NVIC_EnableIRQ)
    __NVIC_SetPriority                       0x00002171   Thumb Code   124  main.o(.text.__NVIC_SetPriority)
    [Anonymous Symbol]                       0x00002170   Section        0  main.o(.text.__NVIC_SetPriority)
    __arm_cp.36_0                            0x000021ec   Number         4  main.o(.text.__NVIC_SetPriority)
    __arm_cp.36_1                            0x000021f0   Number         4  main.o(.text.__NVIC_SetPriority)
    [Anonymous Symbol]                       0x000021f4   Section        0  main.o(.text.check_reset_source)
    __arm_cp.21_0                            0x000023e4   Number         4  main.o(.text.check_reset_source)
    __arm_cp.21_1                            0x000023e8   Number         4  main.o(.text.check_reset_source)
    __arm_cp.21_2                            0x000023ec   Number         4  main.o(.text.check_reset_source)
    __arm_cp.21_3                            0x000023f0   Number         4  main.o(.text.check_reset_source)
    __arm_cp.21_4                            0x000023f4   Number         4  main.o(.text.check_reset_source)
    __arm_cp.21_5                            0x000023f8   Number         4  main.o(.text.check_reset_source)
    __arm_cp.21_6                            0x000023fc   Number         4  main.o(.text.check_reset_source)
    __arm_cp.21_7                            0x00002400   Number         4  main.o(.text.check_reset_source)
    __arm_cp.21_8                            0x00002404   Number         4  main.o(.text.check_reset_source)
    __arm_cp.21_9                            0x00002408   Number         4  main.o(.text.check_reset_source)
    __arm_cp.21_10                           0x0000240c   Number         4  main.o(.text.check_reset_source)
    __arm_cp.21_11                           0x00002410   Number         4  main.o(.text.check_reset_source)
    __arm_cp.21_12                           0x00002414   Number         4  main.o(.text.check_reset_source)
    __arm_cp.21_13                           0x00002418   Number         4  main.o(.text.check_reset_source)
    __arm_cp.21_14                           0x0000241c   Number         4  main.o(.text.check_reset_source)
    __arm_cp.21_15                           0x00002420   Number         4  main.o(.text.check_reset_source)
    __arm_cp.21_16                           0x00002424   Number         4  main.o(.text.check_reset_source)
    __arm_cp.21_17                           0x00002428   Number         4  main.o(.text.check_reset_source)
    __arm_cp.21_18                           0x0000242c   Number         4  main.o(.text.check_reset_source)
    __arm_cp.21_19                           0x00002430   Number         4  main.o(.text.check_reset_source)
    __arm_cp.21_20                           0x00002434   Number         4  main.o(.text.check_reset_source)
    [Anonymous Symbol]                       0x00002438   Section        0  retarget.o(.text.fputc)
    [Anonymous Symbol]                       0x0000244c   Section        0  main.o(.text.get_systick)
    [Anonymous Symbol]                       0x00002454   Section        0  main.o(.text.loop)
    __arm_cp.29_0                            0x000024c8   Number         4  main.o(.text.loop)
    __arm_cp.29_1                            0x000024cc   Number         4  main.o(.text.loop)
    __arm_cp.29_2                            0x000024d0   Number         4  main.o(.text.loop)
    [Anonymous Symbol]                       0x000024d4   Section        0  main.o(.text.main)
    [Anonymous Symbol]                       0x00002510   Section        0  main.o(.text.set_systick)
    [Anonymous Symbol]                       0x00002520   Section        0  main.o(.text.systick_counter)
    __arm_cp.2_0                             0x0000252c   Number         4  main.o(.text.systick_counter)
    [Anonymous Symbol]                       0x00002530   Section        0  main.o(.text.tick_counter)
    __arm_cp.9_0                             0x0000253c   Number         4  main.o(.text.tick_counter)
    i.__0printf                              0x00002540   Section        0  printfa.o(i.__0printf)
    i.__ARM_clz                              0x00002560   Section        0  depilogue.o(i.__ARM_clz)
    i.__scatterload_copy                     0x0000258e   Section       14  handlers.o(i.__scatterload_copy)
    i.__scatterload_null                     0x0000259c   Section        2  handlers.o(i.__scatterload_null)
    i.__scatterload_zeroinit                 0x0000259e   Section       14  handlers.o(i.__scatterload_zeroinit)
    _fp_digits                               0x000025ad   Thumb Code   344  printfa.o(i._fp_digits)
    i._fp_digits                             0x000025ac   Section        0  printfa.o(i._fp_digits)
    _printf_core                             0x00002721   Thumb Code  1754  printfa.o(i._printf_core)
    i._printf_core                           0x00002720   Section        0  printfa.o(i._printf_core)
    _printf_post_padding                     0x00002e0d   Thumb Code    32  printfa.o(i._printf_post_padding)
    i._printf_post_padding                   0x00002e0c   Section        0  printfa.o(i._printf_post_padding)
    _printf_pre_padding                      0x00002e2d   Thumb Code    44  printfa.o(i._printf_pre_padding)
    i._printf_pre_padding                    0x00002e2c   Section        0  printfa.o(i._printf_pre_padding)
    [Anonymous Symbol]                       0x00002e58   Section        0  uart.o(.rodata..L__const.UART_Open.u32ClkTbl)
    [Anonymous Symbol]                       0x00002e6c   Section        0  timer.o(.rodata.cst32)
    [Anonymous Symbol]                       0x00002eac   Section        0  retarget.o(.rodata.str1.1)
    [Anonymous Symbol]                       0x00002ebb   Section        0  main.o(.rodata.str1.1)
    g_ICE_Connected                          0x20000008   Data           4  retarget.o(.data.g_ICE_Connected)
    [Anonymous Symbol]                       0x20000008   Section        0  retarget.o(.data.g_ICE_Connected)
    g_timer_id_task1                         0x2000000c   Data           4  main.o(.data.g_timer_id_task1)
    [Anonymous Symbol]                       0x2000000c   Section        0  main.o(.data.g_timer_id_task1)
    g_timer_id_task2                         0x20000010   Data           4  main.o(.data.g_timer_id_task2)
    [Anonymous Symbol]                       0x20000010   Section        0  main.o(.data.g_timer_id_task2)
    g_timer_id_task3                         0x20000014   Data           4  main.o(.data.g_timer_id_task3)
    [Anonymous Symbol]                       0x20000014   Section        0  main.o(.data.g_timer_id_task3)
    Emulate_EEPROM_WriteTest.incr_base       0x20000028   Data           1  main.o(.bss.Emulate_EEPROM_WriteTest.incr_base)
    [Anonymous Symbol]                       0x20000028   Section        0  main.o(.bss.Emulate_EEPROM_WriteTest.incr_base)
    Written_Data                             0x20000029   Data         128  eeprom_emulate.o(.bss.Written_Data)
    [Anonymous Symbol]                       0x20000029   Section        0  eeprom_emulate.o(.bss.Written_Data)
    STACK                                    0x20000258   Section     1024  startup_m2003.o(STACK)

    Global Symbols

    Symbol Name                              Value     Ov Type        Size  Object(Section)

    BuildAttributes$$THM_ISAv3M$S$8M$PE$A:L22$X:L11$S22$IEEE1$IW$~IW$USESV6$~STKCKD$USESV7$~SHL$OSPACE$ROPI$EBA8$MICROLIB$REQ8$PRES8$EABIv2 0x00000000   Number         0  anon$$obj.o ABSOLUTE
    __Vectors                                0x00000000   Data           4  startup_m2003.o(RESET)
    __cpp_initialize__aeabi_                  - Undefined Weak Reference
    __cxa_finalize                            - Undefined Weak Reference
    __decompress                              - Undefined Weak Reference
    _clock_init                               - Undefined Weak Reference
    _microlib_exit                            - Undefined Weak Reference
    __Vectors_End                            0x00000140   Data           0  startup_m2003.o(RESET)
    __Vectors_Size                           0x00000140   Number         0  startup_m2003.o ABSOLUTE
    __main                                   0x00000141   Thumb Code     0  entry.o(.ARM.Collect$$$$00000000)
    _main_stk                                0x00000141   Thumb Code     0  entry2.o(.ARM.Collect$$$$00000001)
    _main_scatterload                        0x00000145   Thumb Code     0  entry5.o(.ARM.Collect$$$$00000004)
    __main_after_scatterload                 0x00000149   Thumb Code     0  entry5.o(.ARM.Collect$$$$00000004)
    _main_clock                              0x00000149   Thumb Code     0  entry7b.o(.ARM.Collect$$$$00000008)
    _main_cpp_init                           0x00000149   Thumb Code     0  entry8b.o(.ARM.Collect$$$$0000000A)
    _main_init                               0x00000149   Thumb Code     0  entry9a.o(.ARM.Collect$$$$0000000B)
    __rt_final_cpp                           0x00000151   Thumb Code     0  entry10a.o(.ARM.Collect$$$$0000000D)
    __rt_final_exit                          0x00000151   Thumb Code     0  entry11a.o(.ARM.Collect$$$$0000000F)
    Reset_Handler                            0x00000155   Thumb Code    44  startup_m2003.o(.text)
    NMI_Handler                              0x00000181   Thumb Code     2  startup_m2003.o(.text)
    HardFault_Handler                        0x00000183   Thumb Code    16  startup_m2003.o(.text)
    MemManage_Handler                        0x00000193   Thumb Code     2  startup_m2003.o(.text)
    BusFault_Handler                         0x00000195   Thumb Code     2  startup_m2003.o(.text)
    UsageFault_Handler                       0x00000197   Thumb Code     2  startup_m2003.o(.text)
    SVC_Handler                              0x00000199   Thumb Code     2  startup_m2003.o(.text)
    DebugMon_Handler                         0x0000019b   Thumb Code     2  startup_m2003.o(.text)
    PendSV_Handler                           0x0000019d   Thumb Code     2  startup_m2003.o(.text)
    ADC_IRQHandler                           0x000001a1   Thumb Code     0  startup_m2003.o(.text)
    BOD_IRQHandler                           0x000001a1   Thumb Code     0  startup_m2003.o(.text)
    ECAP0_IRQHandler                         0x000001a1   Thumb Code     0  startup_m2003.o(.text)
    EINT0_IRQHandler                         0x000001a1   Thumb Code     0  startup_m2003.o(.text)
    EINT1_IRQHandler                         0x000001a1   Thumb Code     0  startup_m2003.o(.text)
    EINT2_IRQHandler                         0x000001a1   Thumb Code     0  startup_m2003.o(.text)
    EINT3_IRQHandler                         0x000001a1   Thumb Code     0  startup_m2003.o(.text)
    EINT5_IRQHandler                         0x000001a1   Thumb Code     0  startup_m2003.o(.text)
    GPB_IRQHandler                           0x000001a1   Thumb Code     0  startup_m2003.o(.text)
    GPC_IRQHandler                           0x000001a1   Thumb Code     0  startup_m2003.o(.text)
    GPE_IRQHandler                           0x000001a1   Thumb Code     0  startup_m2003.o(.text)
    GPF_IRQHandler                           0x000001a1   Thumb Code     0  startup_m2003.o(.text)
    I2C0_IRQHandler                          0x000001a1   Thumb Code     0  startup_m2003.o(.text)
    ISP_IRQHandler                           0x000001a1   Thumb Code     0  startup_m2003.o(.text)
    PWM0_IRQHandler                          0x000001a1   Thumb Code     0  startup_m2003.o(.text)
    PWRWU_IRQHandler                         0x000001a1   Thumb Code     0  startup_m2003.o(.text)
    TMR0_IRQHandler                          0x000001a1   Thumb Code     0  startup_m2003.o(.text)
    TMR2_IRQHandler                          0x000001a1   Thumb Code     0  startup_m2003.o(.text)
    TMR3_IRQHandler                          0x000001a1   Thumb Code     0  startup_m2003.o(.text)
    UART1_IRQHandler                         0x000001a1   Thumb Code     0  startup_m2003.o(.text)
    USCI0_IRQHandler                         0x000001a1   Thumb Code     0  startup_m2003.o(.text)
    WDT_IRQHandler                           0x000001a1   Thumb Code     0  startup_m2003.o(.text)
    WWDT_IRQHandler                          0x000001a1   Thumb Code     0  startup_m2003.o(.text)
    SH_DoCommand                             0x000001a5   Thumb Code    10  startup_m2003.o(.text)
    __PC                                     0x000001af   Thumb Code     6  startup_m2003.o(.text)
    __aeabi_uldivmod                         0x000001d1   Thumb Code    96  uldiv.o(.text)
    __I$use$fp                               0x00000231   Thumb Code     0  iusefp.o(.text)
    __aeabi_dadd                             0x00000231   Thumb Code   328  dadd.o(.text)
    __aeabi_dsub                             0x00000379   Thumb Code    12  dadd.o(.text)
    __aeabi_drsub                            0x00000385   Thumb Code    12  dadd.o(.text)
    __aeabi_dmul                             0x00000395   Thumb Code   202  dmul.o(.text)
    __aeabi_ddiv                             0x00000465   Thumb Code   234  ddiv.o(.text)
    __aeabi_d2ulz                            0x00000555   Thumb Code    54  dfixul.o(.text)
    __aeabi_cdrcmple                         0x00000595   Thumb Code    38  cdrcmple.o(.text)
    __scatterload                            0x000005bd   Thumb Code    38  init.o(.text)
    __scatterload_rt2                        0x000005bd   Thumb Code     0  init.o(.text)
    __aeabi_uidiv$div0                       0x000005ed   Thumb Code     0  uidiv_div0.o(.text)
    __aeabi_uidivmod                         0x000005ed   Thumb Code    62  uidiv_div0.o(.text)
    __aeabi_llsl                             0x0000062b   Thumb Code    32  llshl.o(.text)
    _ll_shift_l                              0x0000062b   Thumb Code     0  llshl.o(.text)
    __aeabi_llsr                             0x0000064b   Thumb Code    34  llushr.o(.text)
    _ll_ushift_r                             0x0000064b   Thumb Code     0  llushr.o(.text)
    __aeabi_lasr                             0x0000066d   Thumb Code    38  llsshr.o(.text)
    _ll_sshift_r                             0x0000066d   Thumb Code     0  llsshr.o(.text)
    _double_round                            0x00000693   Thumb Code    26  depilogue.o(.text)
    _double_epilogue                         0x000006ad   Thumb Code   164  depilogue.o(.text)
    CLK_EnableModuleClock                    0x00000751   Thumb Code    52  clk.o(.text.CLK_EnableModuleClock)
    CLK_EnableXtalRC                         0x00000789   Thumb Code    20  clk.o(.text.CLK_EnableXtalRC)
    CLK_GetCPUFreq                           0x0000079d   Thumb Code    12  clk.o(.text.CLK_GetCPUFreq)
    CLK_GetHCLKFreq                          0x000007a9   Thumb Code    12  clk.o(.text.CLK_GetHCLKFreq)
    CLK_GetPCLK0Freq                         0x000007b5   Thumb Code    32  clk.o(.text.CLK_GetPCLK0Freq)
    CLK_GetPCLK1Freq                         0x000007d5   Thumb Code    32  clk.o(.text.CLK_GetPCLK1Freq)
    CLK_SetHCLK                              0x000007f9   Thumb Code   236  clk.o(.text.CLK_SetHCLK)
    CLK_SetModuleClock                       0x00000901   Thumb Code   156  clk.o(.text.CLK_SetModuleClock)
    CLK_WaitClockReady                       0x000009a5   Thumb Code    80  clk.o(.text.CLK_WaitClockReady)
    Emulate_EEPROM                           0x00000a09   Thumb Code    40  main.o(.text.Emulate_EEPROM)
    Emulate_EEPROM_EraseTest                 0x00000a35   Thumb Code    92  main.o(.text.Emulate_EEPROM_EraseTest)
    Emulate_EEPROM_ReadTest                  0x00000a99   Thumb Code   128  main.o(.text.Emulate_EEPROM_ReadTest)
    Emulate_EEPROM_WriteTest                 0x00000b29   Thumb Code   128  main.o(.text.Emulate_EEPROM_WriteTest)
    FMC_Close                                0x00000bb5   Thumb Code    12  fmc.o(.text.FMC_Close)
    FMC_Enable                               0x00000bc1   Thumb Code    36  eeprom_emulate.o(.text.FMC_Enable)
    FMC_Erase                                0x00000be9   Thumb Code   168  fmc.o(.text.FMC_Erase)
    FMC_Erase_SPROM                          0x00000c95   Thumb Code   276  fmc.o(.text.FMC_Erase_SPROM)
    FMC_Open                                 0x00000db1   Thumb Code    12  fmc.o(.text.FMC_Open)
    FMC_Read                                 0x00000dc1   Thumb Code   112  fmc.o(.text.FMC_Read)
    FMC_Write                                0x00000e31   Thumb Code   152  fmc.o(.text.FMC_Write)
    GPIO_Init                                0x00000ee5   Thumb Code    24  main.o(.text.GPIO_Init)
    GPIO_SetMode                             0x00000f05   Thumb Code    74  gpio.o(.text.GPIO_SetMode)
    Init_EEPROM                              0x00000f51   Thumb Code   100  eeprom_emulate.o(.text.Init_EEPROM)
    Manage_Next_Page                         0x00000fb5   Thumb Code   444  eeprom_emulate.o(.text.Manage_Next_Page)
    ProcessHardFault                         0x00001185   Thumb Code   112  retarget.o(.text.ProcessHardFault)
    Read_Data                                0x00001201   Thumb Code    52  eeprom_emulate.o(.text.Read_Data)
    SH_Return                                0x0000123d   Thumb Code    14  retarget.o(.text.SH_Return)
    SYS_ClearResetSrc                        0x0000124d   Thumb Code    16  sys.o(.text.SYS_ClearResetSrc)
    SYS_GetResetSrc                          0x0000125d   Thumb Code     8  sys.o(.text.SYS_GetResetSrc)
    SYS_Init                                 0x00001269   Thumb Code    92  main.o(.text.SYS_Init)
    SYS_ResetChip                            0x000012dd   Thumb Code    12  sys.o(.text.SYS_ResetChip)
    SYS_ResetModule                          0x000012e9   Thumb Code    72  sys.o(.text.SYS_ResetModule)
    Search_Valid_Page                        0x0000139d   Thumb Code   416  eeprom_emulate.o(.text.Search_Valid_Page)
    SendChar                                 0x00001559   Thumb Code    16  retarget.o(.text.SendChar)
    SendChar_ToUART                          0x00001569   Thumb Code    64  retarget.o(.text.SendChar_ToUART)
    SysTick_Handler                          0x000015fd   Thumb Code     8  main.o(.text.SysTick_Handler)
    SysTick_enable                           0x00001605   Thumb Code    44  main.o(.text.SysTick_enable)
    SystemCoreClockUpdate                    0x00001635   Thumb Code    68  system_m2003.o(.text.SystemCoreClockUpdate)
    SystemInit                               0x00001695   Thumb Code    20  system_m2003.o(.text.SystemInit)
    TIMER1_Init                              0x000016ad   Thumb Code    44  main.o(.text.TIMER1_Init)
    TIMER_GetModuleClock                     0x0000170d   Thumb Code   180  timer.o(.text.TIMER_GetModuleClock)
    TIMER_Open                               0x000017d1   Thumb Code   114  timer.o(.text.TIMER_Open)
    TMR1_IRQHandler                          0x00001859   Thumb Code    32  main.o(.text.TMR1_IRQHandler)
    Task_1000ms_Callback                     0x0000187d   Thumb Code    20  main.o(.text.Task_1000ms_Callback)
    Task_100ms_Callback                      0x00001895   Thumb Code     8  main.o(.text.Task_100ms_Callback)
    Task_10ms_Callback                       0x0000189d   Thumb Code     8  main.o(.text.Task_10ms_Callback)
    TimerService_CreateTask                  0x000018a5   Thumb Code   148  main.o(.text.TimerService_CreateTask)
    TimerService_CreateTimer                 0x0000195d   Thumb Code    28  timer_service.o(.text.TimerService_CreateTimer)
    TimerService_CreateTimerQueue            0x00001979   Thumb Code   116  timer_service.o(.text.TimerService_CreateTimerQueue)
    TimerService_DequeueEvent                0x000019ed   Thumb Code   112  timer_service.o(.text.TimerService_DequeueEvent)
    TimerService_Dispatch                    0x00001a5d   Thumb Code    12  timer_service.o(.text.TimerService_Dispatch)
    TimerService_DispatchFlag                0x00001a69   Thumb Code   100  timer_service.o(.text.TimerService_DispatchFlag)
    TimerService_DispatchQueue               0x00001acd   Thumb Code    76  timer_service.o(.text.TimerService_DispatchQueue)
    TimerService_Init                        0x00001b6d   Thumb Code    88  timer_service.o(.text.TimerService_Init)
    TimerService_StartTimer                  0x00001bc9   Thumb Code    56  timer_service.o(.text.TimerService_StartTimer)
    TimerService_Tick1ms                     0x00001c35   Thumb Code   140  timer_service.o(.text.TimerService_Tick1ms)
    UART0_IRQHandler                         0x00001cc9   Thumb Code    76  main.o(.text.UART0_IRQHandler)
    UART0_Init                               0x00001d1d   Thumb Code    88  main.o(.text.UART0_Init)
    UART_ClearIntFlag                        0x00001d89   Thumb Code   120  uart.o(.text.UART_ClearIntFlag)
    UART_EnableInt                           0x00001e05   Thumb Code    20  uart.o(.text.UART_EnableInt)
    UART_Open                                0x00001e19   Thumb Code   272  uart.o(.text.UART_Open)
    UARTx_Process                            0x00001f3d   Thumb Code   156  main.o(.text.UARTx_Process)
    Uart0DefaultMPF                          0x00001fe9   Thumb Code    36  system_m2003.o(.text.Uart0DefaultMPF)
    Write_Data                               0x00002011   Thumb Code   276  eeprom_emulate.o(.text.Write_Data)
    check_reset_source                       0x000021f5   Thumb Code   496  main.o(.text.check_reset_source)
    fputc                                    0x00002439   Thumb Code    20  retarget.o(.text.fputc)
    get_systick                              0x0000244d   Thumb Code     8  main.o(.text.get_systick)
    loop                                     0x00002455   Thumb Code   116  main.o(.text.loop)
    main                                     0x000024d5   Thumb Code    60  main.o(.text.main)
    set_systick                              0x00002511   Thumb Code    16  main.o(.text.set_systick)
    systick_counter                          0x00002521   Thumb Code    12  main.o(.text.systick_counter)
    tick_counter                             0x00002531   Thumb Code    12  main.o(.text.tick_counter)
    __0printf                                0x00002541   Thumb Code    24  printfa.o(i.__0printf)
    __1printf                                0x00002541   Thumb Code     0  printfa.o(i.__0printf)
    __2printf                                0x00002541   Thumb Code     0  printfa.o(i.__0printf)
    __c89printf                              0x00002541   Thumb Code     0  printfa.o(i.__0printf)
    printf                                   0x00002541   Thumb Code     0  printfa.o(i.__0printf)
    __ARM_clz                                0x00002561   Thumb Code    46  depilogue.o(i.__ARM_clz)
    __scatterload_copy                       0x0000258f   Thumb Code    14  handlers.o(i.__scatterload_copy)
    __scatterload_null                       0x0000259d   Thumb Code     2  handlers.o(i.__scatterload_null)
    __scatterload_zeroinit                   0x0000259f   Thumb Code    14  handlers.o(i.__scatterload_zeroinit)
    gau32ClkSrcTbl                           0x00002e8c   Data          32  system_m2003.o(.rodata.gau32ClkSrcTbl)
    Region$$Table$$Base                      0x000031e8   Number         0  anon$$obj.o(Region$$Table)
    Region$$Table$$Limit                     0x00003208   Number         0  anon$$obj.o(Region$$Table)
    CyclesPerUs                              0x20000000   Data           4  system_m2003.o(.data.CyclesPerUs)
    SystemCoreClock                          0x20000004   Data           4  system_m2003.o(.data.SystemCoreClock)
    Amount_Pages                             0x20000018   Data           4  eeprom_emulate.o(.bss.Amount_Pages)
    Amount_of_Data                           0x2000001c   Data           4  eeprom_emulate.o(.bss.Amount_of_Data)
    Current_Cursor                           0x20000020   Data           4  eeprom_emulate.o(.bss.Current_Cursor)
    Current_Valid_Page                       0x20000024   Data           4  eeprom_emulate.o(.bss.Current_Valid_Page)
    __stdout                                 0x200000ac   Data          84  retarget.o(.bss.__stdout)
    counter_systick                          0x20000100   Data           4  main.o(.bss.counter_systick)
    counter_tick                             0x20000104   Data           4  main.o(.bss.counter_tick)
    flag_PROJ_CTL                            0x20000108   Data           4  main.o(.bss.flag_PROJ_CTL)
    g_CLK_i32ErrCode                         0x2000010c   Data           4  clk.o(.bss.g_CLK_i32ErrCode)
    g_FMC_i32ErrCode                         0x20000110   Data           4  fmc.o(.bss.g_FMC_i32ErrCode)
    g_TimerEventQueue                        0x20000114   Data          68  timer_service.o(.bss.g_TimerEventQueue)
    g_TimerService_List                      0x20000158   Data         256  timer_service.o(.bss.g_TimerService_List)
    __initial_sp                             0x20000658   Data           0  startup_m2003.o(STACK)



==============================================================================

Memory Map of the image

  Image Entry point : 0x00000155

  Load Region LR_1 (Base: 0x00000000, Size: 0x00003220, Max: 0xffffffff, ABSOLUTE)

    Execution Region ER_RO (Exec base: 0x00000000, Load base: 0x00000000, Size: 0x00003208, Max: 0xffffffff, ABSOLUTE)

    Exec Addr    Load Addr    Size         Type   Attr      Idx    E Section Name        Object

    0x00000000   0x00000000   0x00000140   Data   RO            3    RESET               startup_m2003.o
    0x00000140   0x00000140   0x00000000   Code   RO          469  * .ARM.Collect$$$$00000000  mc_p.l(entry.o)
    0x00000140   0x00000140   0x00000004   Code   RO          500    .ARM.Collect$$$$00000001  mc_p.l(entry2.o)
    0x00000144   0x00000144   0x00000004   Code   RO          503    .ARM.Collect$$$$00000004  mc_p.l(entry5.o)
    0x00000148   0x00000148   0x00000000   Code   RO          505    .ARM.Collect$$$$00000008  mc_p.l(entry7b.o)
    0x00000148   0x00000148   0x00000000   Code   RO          507    .ARM.Collect$$$$0000000A  mc_p.l(entry8b.o)
    0x00000148   0x00000148   0x00000008   Code   RO          508    .ARM.Collect$$$$0000000B  mc_p.l(entry9a.o)
    0x00000150   0x00000150   0x00000000   Code   RO          510    .ARM.Collect$$$$0000000D  mc_p.l(entry10a.o)
    0x00000150   0x00000150   0x00000000   Code   RO          512    .ARM.Collect$$$$0000000F  mc_p.l(entry11a.o)
    0x00000150   0x00000150   0x00000004   Code   RO          501    .ARM.Collect$$$$00002712  mc_p.l(entry2.o)
    0x00000154   0x00000154   0x0000007c   Code   RO            4  * .text               startup_m2003.o
    0x000001d0   0x000001d0   0x00000060   Code   RO          518    .text               mc_p.l(uldiv.o)
    0x00000230   0x00000230   0x00000000   Code   RO          520    .text               mc_p.l(iusefp.o)
    0x00000230   0x00000230   0x00000164   Code   RO          521    .text               mf_p.l(dadd.o)
    0x00000394   0x00000394   0x000000d0   Code   RO          523    .text               mf_p.l(dmul.o)
    0x00000464   0x00000464   0x000000f0   Code   RO          525    .text               mf_p.l(ddiv.o)
    0x00000554   0x00000554   0x00000040   Code   RO          527    .text               mf_p.l(dfixul.o)
    0x00000594   0x00000594   0x00000028   Code   RO          529    .text               mf_p.l(cdrcmple.o)
    0x000005bc   0x000005bc   0x00000030   Code   RO          531    .text               mc_p.l(init.o)
    0x000005ec   0x000005ec   0x0000003e   Code   RO          535    .text               mc_p.l(uidiv_div0.o)
    0x0000062a   0x0000062a   0x00000020   Code   RO          541    .text               mc_p.l(llshl.o)
    0x0000064a   0x0000064a   0x00000022   Code   RO          543    .text               mc_p.l(llushr.o)
    0x0000066c   0x0000066c   0x00000026   Code   RO          545    .text               mc_p.l(llsshr.o)
    0x00000692   0x00000692   0x000000be   Code   RO          547    .text               mf_p.l(depilogue.o)
    0x00000750   0x00000750   0x00000038   Code   RO          165    .text.CLK_EnableModuleClock  clk.o
    0x00000788   0x00000788   0x00000014   Code   RO          161    .text.CLK_EnableXtalRC  clk.o
    0x0000079c   0x0000079c   0x0000000c   Code   RO          149    .text.CLK_GetCPUFreq  clk.o
    0x000007a8   0x000007a8   0x0000000c   Code   RO          141    .text.CLK_GetHCLKFreq  clk.o
    0x000007b4   0x000007b4   0x00000020   Code   RO          143    .text.CLK_GetPCLK0Freq  clk.o
    0x000007d4   0x000007d4   0x00000024   Code   RO          145    .text.CLK_GetPCLK1Freq  clk.o
    0x000007f8   0x000007f8   0x00000108   Code   RO          153    .text.CLK_SetHCLK   clk.o
    0x00000900   0x00000900   0x000000a4   Code   RO          157    .text.CLK_SetModuleClock  clk.o
    0x000009a4   0x000009a4   0x0000005c   Code   RO          155    .text.CLK_WaitClockReady  clk.o
    0x00000a00   0x00000a00   0x00000008   Code   RO           36    .text.DumpStack     retarget.o
    0x00000a08   0x00000a08   0x0000002c   Code   RO          305    .text.Emulate_EEPROM  main.o
    0x00000a34   0x00000a34   0x00000064   Code   RO          295    .text.Emulate_EEPROM_EraseTest  main.o
    0x00000a98   0x00000a98   0x00000090   Code   RO          303    .text.Emulate_EEPROM_ReadTest  main.o
    0x00000b28   0x00000b28   0x0000008c   Code   RO          301    .text.Emulate_EEPROM_WriteTest  main.o
    0x00000bb4   0x00000bb4   0x0000000c   Code   RO          247    .text.FMC_Close     fmc.o
    0x00000bc0   0x00000bc0   0x00000028   Code   RO          442    .text.FMC_Enable    eeprom_emulate.o
    0x00000be8   0x00000be8   0x000000ac   Code   RO          249    .text.FMC_Erase     fmc.o
    0x00000c94   0x00000c94   0x0000011c   Code   RO          251    .text.FMC_Erase_SPROM  fmc.o
    0x00000db0   0x00000db0   0x00000010   Code   RO          253    .text.FMC_Open      fmc.o
    0x00000dc0   0x00000dc0   0x00000070   Code   RO          255    .text.FMC_Read      fmc.o
    0x00000e30   0x00000e30   0x000000b4   Code   RO          257    .text.FMC_Write     fmc.o
    0x00000ee4   0x00000ee4   0x00000020   Code   RO          341    .text.GPIO_Init     main.o
    0x00000f04   0x00000f04   0x0000004a   Code   RO          194    .text.GPIO_SetMode  gpio.o
    0x00000f4e   0x00000f4e   0x00000002   PAD
    0x00000f50   0x00000f50   0x00000064   Code   RO          446    .text.Init_EEPROM   eeprom_emulate.o
    0x00000fb4   0x00000fb4   0x000001d0   Code   RO          454    .text.Manage_Next_Page  eeprom_emulate.o
    0x00001184   0x00001184   0x0000007c   Code   RO           34    .text.ProcessHardFault  retarget.o
    0x00001200   0x00001200   0x0000003c   Code   RO          450    .text.Read_Data     eeprom_emulate.o
    0x0000123c   0x0000123c   0x0000000e   Code   RO           32    .text.SH_Return     retarget.o
    0x0000124a   0x0000124a   0x00000002   PAD
    0x0000124c   0x0000124c   0x00000010   Code   RO          105    .text.SYS_ClearResetSrc  sys.o
    0x0000125c   0x0000125c   0x0000000c   Code   RO          109    .text.SYS_GetResetSrc  sys.o
    0x00001268   0x00001268   0x00000064   Code   RO          343    .text.SYS_Init      main.o
    0x000012cc   0x000012cc   0x00000008   Code   RO           17    .text.SYS_LockReg   system_m2003.o
    0x000012d4   0x000012d4   0x00000008   Code   RO          299    .text.SYS_LockReg   main.o
    0x000012dc   0x000012dc   0x0000000c   Code   RO          115    .text.SYS_ResetChip  sys.o
    0x000012e8   0x000012e8   0x00000050   Code   RO          119    .text.SYS_ResetModule  sys.o
    0x00001338   0x00001338   0x00000020   Code   RO           15    .text.SYS_UnlockReg  system_m2003.o
    0x00001358   0x00001358   0x00000020   Code   RO          297    .text.SYS_UnlockReg  main.o
    0x00001378   0x00001378   0x00000024   Code   RO          444    .text.SYS_UnlockReg  eeprom_emulate.o
    0x0000139c   0x0000139c   0x000001bc   Code   RO          448    .text.Search_Valid_Page  eeprom_emulate.o
    0x00001558   0x00001558   0x00000010   Code   RO           40    .text.SendChar      retarget.o
    0x00001568   0x00001568   0x00000048   Code   RO           38    .text.SendChar_ToUART  retarget.o
    0x000015b0   0x000015b0   0x0000004c   Code   RO          287    .text.SysTick_Config  main.o
    0x000015fc   0x000015fc   0x00000008   Code   RO          281    .text.SysTick_Handler  main.o
    0x00001604   0x00001604   0x00000030   Code   RO          285    .text.SysTick_enable  main.o
    0x00001634   0x00001634   0x00000060   Code   RO           11    .text.SystemCoreClockUpdate  system_m2003.o
    0x00001694   0x00001694   0x00000018   Code   RO           13    .text.SystemInit    system_m2003.o
    0x000016ac   0x000016ac   0x0000002c   Code   RO          325    .text.TIMER1_Init   main.o
    0x000016d8   0x000016d8   0x0000000e   Code   RO          323    .text.TIMER_ClearIntFlag  main.o
    0x000016e6   0x000016e6   0x00000014   Code   RO          327    .text.TIMER_EnableInt  main.o
    0x000016fa   0x000016fa   0x00000010   Code   RO          321    .text.TIMER_GetIntFlag  main.o
    0x0000170a   0x0000170a   0x00000002   PAD
    0x0000170c   0x0000170c   0x000000c4   Code   RO          213    .text.TIMER_GetModuleClock  timer.o
    0x000017d0   0x000017d0   0x00000072   Code   RO          211    .text.TIMER_Open    timer.o
    0x00001842   0x00001842   0x00000014   Code   RO          331    .text.TIMER_Start   main.o
    0x00001856   0x00001856   0x00000002   PAD
    0x00001858   0x00001858   0x00000024   Code   RO          319    .text.TMR1_IRQHandler  main.o
    0x0000187c   0x0000187c   0x00000018   Code   RO          309    .text.Task_1000ms_Callback  main.o
    0x00001894   0x00001894   0x00000008   Code   RO          311    .text.Task_100ms_Callback  main.o
    0x0000189c   0x0000189c   0x00000008   Code   RO          313    .text.Task_10ms_Callback  main.o
    0x000018a4   0x000018a4   0x000000b8   Code   RO          315    .text.TimerService_CreateTask  main.o
    0x0000195c   0x0000195c   0x0000001c   Code   RO          429    .text.TimerService_CreateTimer  timer_service.o
    0x00001978   0x00001978   0x00000074   Code   RO          425    .text.TimerService_CreateTimerQueue  timer_service.o
    0x000019ec   0x000019ec   0x00000070   Code   RO          405    .text.TimerService_DequeueEvent  timer_service.o
    0x00001a5c   0x00001a5c   0x0000000c   Code   RO          417    .text.TimerService_Dispatch  timer_service.o
    0x00001a68   0x00001a68   0x00000064   Code   RO          413    .text.TimerService_DispatchFlag  timer_service.o
    0x00001acc   0x00001acc   0x0000004c   Code   RO          411    .text.TimerService_DispatchQueue  timer_service.o
    0x00001b18   0x00001b18   0x0000004c   Code   RO          403    .text.TimerService_EnqueueEventFromISR  timer_service.o
    0x00001b64   0x00001b64   0x00000004   Code   RO          407    .text.TimerService_EnterCritical  timer_service.o
    0x00001b68   0x00001b68   0x00000004   Code   RO          409    .text.TimerService_ExitCritical  timer_service.o
    0x00001b6c   0x00001b6c   0x0000005c   Code   RO          431    .text.TimerService_Init  timer_service.o
    0x00001bc8   0x00001bc8   0x00000038   Code   RO          423    .text.TimerService_StartTimer  timer_service.o
    0x00001c00   0x00001c00   0x00000032   Code   RO          415    .text.TimerService_TakePending  timer_service.o
    0x00001c32   0x00001c32   0x00000002   PAD
    0x00001c34   0x00001c34   0x00000094   Code   RO          401    .text.TimerService_Tick1ms  timer_service.o
    0x00001cc8   0x00001cc8   0x00000054   Code   RO          337    .text.UART0_IRQHandler  main.o
    0x00001d1c   0x00001d1c   0x0000006c   Code   RO          339    .text.UART0_Init    main.o
    0x00001d88   0x00001d88   0x0000007c   Code   RO           67    .text.UART_ClearIntFlag  uart.o
    0x00001e04   0x00001e04   0x00000014   Code   RO           77    .text.UART_EnableInt  uart.o
    0x00001e18   0x00001e18   0x00000124   Code   RO           79    .text.UART_Open     uart.o
    0x00001f3c   0x00001f3c   0x000000ac   Code   RO          335    .text.UARTx_Process  main.o
    0x00001fe8   0x00001fe8   0x00000028   Code   RO           19    .text.Uart0DefaultMPF  system_m2003.o
    0x00002010   0x00002010   0x0000012c   Code   RO          452    .text.Write_Data    eeprom_emulate.o
    0x0000213c   0x0000213c   0x00000034   Code   RO          329    .text.__NVIC_EnableIRQ  main.o
    0x00002170   0x00002170   0x00000084   Code   RO          347    .text.__NVIC_SetPriority  main.o
    0x000021f4   0x000021f4   0x00000244   Code   RO          317    .text.check_reset_source  main.o
    0x00002438   0x00002438   0x00000014   Code   RO           50    .text.fputc         retarget.o
    0x0000244c   0x0000244c   0x00000008   Code   RO          275    .text.get_systick   main.o
    0x00002454   0x00002454   0x00000080   Code   RO          333    .text.loop          main.o
    0x000024d4   0x000024d4   0x0000003c   Code   RO          345    .text.main          main.o
    0x00002510   0x00002510   0x00000010   Code   RO          277    .text.set_systick   main.o
    0x00002520   0x00002520   0x00000010   Code   RO          279    .text.systick_counter  main.o
    0x00002530   0x00002530   0x00000010   Code   RO          293    .text.tick_counter  main.o
    0x00002540   0x00002540   0x00000020   Code   RO          473    i.__0printf         mc_p.l(printfa.o)
    0x00002560   0x00002560   0x0000002e   Code   RO          549    i.__ARM_clz         mf_p.l(depilogue.o)
    0x0000258e   0x0000258e   0x0000000e   Code   RO          553    i.__scatterload_copy  mc_p.l(handlers.o)
    0x0000259c   0x0000259c   0x00000002   Code   RO          554    i.__scatterload_null  mc_p.l(handlers.o)
    0x0000259e   0x0000259e   0x0000000e   Code   RO          555    i.__scatterload_zeroinit  mc_p.l(handlers.o)
    0x000025ac   0x000025ac   0x00000174   Code   RO          480    i._fp_digits        mc_p.l(printfa.o)
    0x00002720   0x00002720   0x000006ec   Code   RO          481    i._printf_core      mc_p.l(printfa.o)
    0x00002e0c   0x00002e0c   0x00000020   Code   RO          482    i._printf_post_padding  mc_p.l(printfa.o)
    0x00002e2c   0x00002e2c   0x0000002c   Code   RO          483    i._printf_pre_padding  mc_p.l(printfa.o)
    0x00002e58   0x00002e58   0x00000014   Data   RO           95    .rodata..L__const.UART_Open.u32ClkTbl  uart.o
    0x00002e6c   0x00002e6c   0x00000020   Data   RO          239    .rodata.cst32       timer.o
    0x00002e8c   0x00002e8c   0x00000020   Data   RO           24    .rodata.gau32ClkSrcTbl  system_m2003.o
    0x00002eac   0x00002eac   0x0000000f   Data   RO           57    .rodata.str1.1      retarget.o
    0x00002ebb   0x00002ebb   0x0000032b   Data   RO          351    .rodata.str1.1      main.o
    0x000031e6   0x000031e6   0x00000002   PAD
    0x000031e8   0x000031e8   0x00000020   Data   RO          552    Region$$Table       anon$$obj.o


    Execution Region ER_RW (Exec base: 0x20000000, Load base: 0x00003208, Size: 0x00000018, Max: 0xffffffff, ABSOLUTE)

    Exec Addr    Load Addr    Size         Type   Attr      Idx    E Section Name        Object

    0x20000000   0x00003208   0x00000004   Data   RW           22    .data.CyclesPerUs   system_m2003.o
    0x20000004   0x0000320c   0x00000004   Data   RW           21    .data.SystemCoreClock  system_m2003.o
    0x20000008   0x00003210   0x00000004   Data   RW           56    .data.g_ICE_Connected  retarget.o
    0x2000000c   0x00003214   0x00000004   Data   RW          354    .data.g_timer_id_task1  main.o
    0x20000010   0x00003218   0x00000004   Data   RW          355    .data.g_timer_id_task2  main.o
    0x20000014   0x0000321c   0x00000004   Data   RW          356    .data.g_timer_id_task3  main.o


    Execution Region ER_ZI (Exec base: 0x20000018, Load base: 0x00003220, Size: 0x00000640, Max: 0xffffffff, ABSOLUTE)

    Exec Addr    Load Addr    Size         Type   Attr      Idx    E Section Name        Object

    0x20000018        -       0x00000004   Zero   RW          460    .bss.Amount_Pages   eeprom_emulate.o
    0x2000001c        -       0x00000004   Zero   RW          459    .bss.Amount_of_Data  eeprom_emulate.o
    0x20000020        -       0x00000004   Zero   RW          462    .bss.Current_Cursor  eeprom_emulate.o
    0x20000024        -       0x00000004   Zero   RW          458    .bss.Current_Valid_Page  eeprom_emulate.o
    0x20000028        -       0x00000001   Zero   RW          352    .bss.Emulate_EEPROM_WriteTest.incr_base  main.o
    0x20000029        -       0x00000080   Zero   RW          461    .bss.Written_Data   eeprom_emulate.o
    0x200000a9   0x00003220   0x00000003   PAD
    0x200000ac        -       0x00000054   Zero   RW           58    .bss.__stdout       retarget.o
    0x20000100        -       0x00000004   Zero   RW          349    .bss.counter_systick  main.o
    0x20000104        -       0x00000004   Zero   RW          350    .bss.counter_tick   main.o
    0x20000108        -       0x00000004   Zero   RW          357    .bss.flag_PROJ_CTL  main.o
    0x2000010c        -       0x00000004   Zero   RW          185    .bss.g_CLK_i32ErrCode  clk.o
    0x20000110        -       0x00000004   Zero   RW          267    .bss.g_FMC_i32ErrCode  fmc.o
    0x20000114        -       0x00000044   Zero   RW          434    .bss.g_TimerEventQueue  timer_service.o
    0x20000158        -       0x00000100   Zero   RW          433    .bss.g_TimerService_List  timer_service.o
    0x20000258        -       0x00000400   Zero   RW            1    STACK               startup_m2003.o


==============================================================================

Image component sizes


      Code (inc. data)   RO Data    RW Data    ZI Data      Debug   Object Name

       688         56          0          0          4       7105   clk.o
      1444         88          0          0        144       5067   eeprom_emulate.o
       776         44          0          0          4       3821   fmc.o
        74          0          0          0          0       2009   gpio.o
      2478        276        811         12         13      11115   main.o
       254         20         15          4         84       3214   retarget.o
       124         32        320          0       1024       1016   startup_m2003.o
       120         12          0          0          0       2920   sys.o
       200         36         32          8          0       2861   system_m2003.o
       310         16         32          0          0       4956   timer.o
       874         12          0          0        324       4935   timer_service.o
       436         24         20          0          0       5266   uart.o

    ----------------------------------------------------------------------
      7788        616       1264         24       1600      54285   Object Totals
         0          0         32          0          0          0   (incl. Generated)
        10          0          2          0          3          0   (incl. Padding)

    ----------------------------------------------------------------------

      Code (inc. data)   RO Data    RW Data    ZI Data      Debug   Library Member Name

         0          0          0          0          0          0   entry.o
         0          0          0          0          0          0   entry10a.o
         0          0          0          0          0          0   entry11a.o
         8          4          0          0          0          0   entry2.o
         4          0          0          0          0          0   entry5.o
         0          0          0          0          0          0   entry7b.o
         0          0          0          0          0          0   entry8b.o
         8          4          0          0          0          0   entry9a.o
        30          0          0          0          0          0   handlers.o
        48         10          0          0          0         68   init.o
         0          0          0          0          0          0   iusefp.o
        32          0          0          0          0         68   llshl.o
        38          0          0          0          0         68   llsshr.o
        34          0          0          0          0         68   llushr.o
      2252         98          0          0          0        412   printfa.o
        62          0          0          0          0         72   uidiv_div0.o
        96          0          0          0          0         84   uldiv.o
        40          2          0          0          0         68   cdrcmple.o
       356          4          0          0          0        140   dadd.o
       240          6          0          0          0         84   ddiv.o
       236          0          0          0          0        216   depilogue.o
        64         10          0          0          0         68   dfixul.o
       208          6          0          0          0         88   dmul.o

    ----------------------------------------------------------------------
      3756        144          0          0          0       1504   Library Totals
         0          0          0          0          0          0   (incl. Padding)

    ----------------------------------------------------------------------

      Code (inc. data)   RO Data    RW Data    ZI Data      Debug   Library Name

      2612        116          0          0          0        840   mc_p.l
      1144         28          0          0          0        664   mf_p.l

    ----------------------------------------------------------------------
      3756        144          0          0          0       1504   Library Totals

    ----------------------------------------------------------------------

==============================================================================


      Code (inc. data)   RO Data    RW Data    ZI Data      Debug   

     11544        760       1264         24       1600      55029   Grand Totals
     11544        760       1264         24       1600      55029   ELF Image Totals
     11544        760       1264         24          0          0   ROM Totals

==============================================================================

    Total RO  Size (Code + RO Data)                12808 (  12.51kB)
    Total RW  Size (RW Data + ZI Data)              1624 (   1.59kB)
    Total ROM Size (Code + RO Data + RW Data)      12832 (  12.53kB)

==============================================================================

